Archive member included to satisfy reference by file (symbol)

c:/program files/microchip/xc32/v4.30/bin/bin/../../lib/gcc/pic32c/8.3.1/../../../../pic32c/lib/thumb/v7e-m+fp/hard\libpic32c.a(data_init.o)
                              build/default/production/_ext/1171490990/startup_xc32.o (__pic32c_data_initialization)
c:/program files/microchip/xc32/v4.30/bin/bin/../../lib/gcc/pic32c/8.3.1/../../../../pic32c/lib/thumb/v7e-m+fp/hard\libm-fast-emfloat.a(__aeabi_dsub.o)
                              build/default/production/_ext/1360937237/main.o (__aeabi_dsub)
c:/program files/microchip/xc32/v4.30/bin/bin/../../lib/gcc/pic32c/8.3.1/../../../../pic32c/lib/thumb/v7e-m+fp/hard\libm-fast-emfloat.a(__aeabi_dmul.o)
                              build/default/production/_ext/1360937237/main.o (__aeabi_dmul)
c:/program files/microchip/xc32/v4.30/bin/bin/../../lib/gcc/pic32c/8.3.1/../../../../pic32c/lib/thumb/v7e-m+fp/hard\libm-fast-emfloat.a(__aeabi_ddiv.o)
                              build/default/production/_ext/1360937237/main.o (__aeabi_ddiv)
c:/program files/microchip/xc32/v4.30/bin/bin/../../lib/gcc/pic32c/8.3.1/../../../../pic32c/lib/thumb/v7e-m+fp/hard\libm-fast-emfloat.a(__aeabi_i2d.o)
                              build/default/production/_ext/1360937237/main.o (__aeabi_i2d)
c:/program files/microchip/xc32/v4.30/bin/bin/../../lib/gcc/pic32c/8.3.1/../../../../pic32c/lib/thumb/v7e-m+fp/hard\libm-fast-emfloat.a(__aeabi_f2d.o)
                              build/default/production/_ext/1360937237/main.o (__aeabi_f2d)
c:/program files/microchip/xc32/v4.30/bin/bin/../../lib/gcc/pic32c/8.3.1/../../../../pic32c/lib/thumb/v7e-m+fp/hard\libm-fast-emfloat.a(__aeabi_d2f.o)
                              build/default/production/_ext/1360937237/main.o (__aeabi_d2f)
c:/program files/microchip/xc32/v4.30/bin/bin/../../lib/gcc/pic32c/8.3.1/../../../../pic32c/lib/thumb/v7e-m+fp/hard\libm-fast-emfloat.a(__aeabi_dadd.o)
                              c:/program files/microchip/xc32/v4.30/bin/bin/../../lib/gcc/pic32c/8.3.1/../../../../pic32c/lib/thumb/v7e-m+fp/hard\libm-fast-emfloat.a(__aeabi_dsub.o) (__aeabi_dadd)
c:/program files/microchip/xc32/v4.30/bin/bin/../../lib/gcc/pic32c/8.3.1/../../../../pic32c/lib/thumb/v7e-m+fp/hard\libc-musl.a(__libc_start_main.o)
                              build/default/production/_ext/1171490990/startup_xc32.o (__libc_init_array)
c:/program files/microchip/xc32/v4.30/bin/bin/../../lib/gcc/pic32c/8.3.1/../../../../pic32c/lib/thumb/v7e-m+fp/hard\libc-musl.a(libc.o)
                              c:/program files/microchip/xc32/v4.30/bin/bin/../../lib/gcc/pic32c/8.3.1/../../../../pic32c/lib/thumb/v7e-m+fp/hard\libc-musl.a(__libc_start_main.o) (__progname_full)
c:/program files/microchip/xc32/v4.30/bin/bin/../../lib/gcc/pic32c/8.3.1/../../../../pic32c/lib/thumb/v7e-m+fp/hard\libc-musl.a(__sio_sprintf_deEfFgGn.o)
                              (_sprintf_deEfFgGn)
c:/program files/microchip/xc32/v4.30/bin/bin/../../lib/gcc/pic32c/8.3.1/../../../../pic32c/lib/thumb/v7e-m+fp/hard\libc-musl.a(__fmt_d.o)
                              c:/program files/microchip/xc32/v4.30/bin/bin/../../lib/gcc/pic32c/8.3.1/../../../../pic32c/lib/thumb/v7e-m+fp/hard\libc-musl.a(__sio_sprintf_deEfFgGn.o) (__fmt_d_needed)
c:/program files/microchip/xc32/v4.30/bin/bin/../../lib/gcc/pic32c/8.3.1/../../../../pic32c/lib/thumb/v7e-m+fp/hard\libc-musl.a(__fmt_fp.o)
                              c:/program files/microchip/xc32/v4.30/bin/bin/../../lib/gcc/pic32c/8.3.1/../../../../pic32c/lib/thumb/v7e-m+fp/hard\libc-musl.a(__sio_sprintf_deEfFgGn.o) (__fmt_f_needed)
c:/program files/microchip/xc32/v4.30/bin/bin/../../lib/gcc/pic32c/8.3.1/../../../../pic32c/lib/thumb/v7e-m+fp/hard\libc-musl.a(__pop_float.o)
                              c:/program files/microchip/xc32/v4.30/bin/bin/../../lib/gcc/pic32c/8.3.1/../../../../pic32c/lib/thumb/v7e-m+fp/hard\libc-musl.a(__sio_sprintf_deEfFgGn.o) (__pop_float_needed)
c:/program files/microchip/xc32/v4.30/bin/bin/../../lib/gcc/pic32c/8.3.1/../../../../pic32c/lib/thumb/v7e-m+fp/hard\libc-musl.a(__pop_int.o)
                              c:/program files/microchip/xc32/v4.30/bin/bin/../../lib/gcc/pic32c/8.3.1/../../../../pic32c/lib/thumb/v7e-m+fp/hard\libc-musl.a(__sio_sprintf_deEfFgGn.o) (__pop_int_needed)
c:/program files/microchip/xc32/v4.30/bin/bin/../../lib/gcc/pic32c/8.3.1/../../../../pic32c/lib/thumb/v7e-m+fp/hard\libc-musl.a(__pop_ptr.o)
                              c:/program files/microchip/xc32/v4.30/bin/bin/../../lib/gcc/pic32c/8.3.1/../../../../pic32c/lib/thumb/v7e-m+fp/hard\libc-musl.a(__sio_sprintf_deEfFgGn.o) (__pop_ptr_needed)
c:/program files/microchip/xc32/v4.30/bin/bin/../../lib/gcc/pic32c/8.3.1/../../../../pic32c/lib/thumb/v7e-m+fp/hard\libc-musl.a(__printf_core.o)
                              c:/program files/microchip/xc32/v4.30/bin/bin/../../lib/gcc/pic32c/8.3.1/../../../../pic32c/lib/thumb/v7e-m+fp/hard\libc-musl.a(__fmt_d.o) (__pad)
[...]
Memory Configuration

Name             Origin             Length             Attributes
rom              0x00000000         0x00100000         xrl
ram              0x20000000         0x00040000         xw !r
tcm              0x03000000         0x00000000         xw
bkupram          0x47000000         0x00002000
config_00804000  0x00804000         0x00000004
config_00804004  0x00804004         0x00000004
config_00804008  0x00804008         0x00000004
*default*        0x00000000         0xffffffff

Linker script and memory map

LOAD c:/program files/microchip/xc32/v4.30/bin/bin/../../lib/gcc/pic32c/8.3.1/thumb/v7e-m+fp/hard/crti.o
LOAD c:/program files/microchip/xc32/v4.30/bin/bin/../../lib/gcc/pic32c/8.3.1/thumb/v7e-m+fp/hard/crtbegin.o
LOAD build/default/production/_ext/60163342/plib_adc0.o
LOAD build/default/production/_ext/60163342/plib_adc1.o
LOAD build/default/production/_ext/60165182/plib_can1.o
LOAD build/default/production/_ext/60165182/plib_can0.o
LOAD build/default/production/_ext/1984496892/plib_clock.o
LOAD build/default/production/_ext/1865131932/plib_cmcc.o
LOAD build/default/production/_ext/60167341/plib_eic.o
LOAD build/default/production/_ext/1986646378/plib_evsys.o
LOAD build/default/production/_ext/1865468468/plib_nvic.o
LOAD build/default/production/_ext/1593096446/plib_nvmctrl.o
LOAD build/default/production/_ext/1865521619/plib_port.o
LOAD build/default/production/_ext/508257091/plib_sercom3_i2c_master.o
LOAD build/default/production/_ext/17022449/plib_sercom1_spi_master.o
LOAD build/default/production/_ext/504274921/plib_sercom5_usart.o
LOAD build/default/production/_ext/504274921/plib_sercom6_usart.o
LOAD build/default/production/_ext/504274921/plib_sercom4_usart.o
LOAD build/default/production/_ext/504274921/plib_sercom2_usart.o
LOAD build/default/production/_ext/504274921/plib_sercom7_usart.o
LOAD build/default/production/_ext/829342655/plib_tc7.o
LOAD build/default/production/_ext/60184501/plib_wdt.o
LOAD build/default/production/_ext/163028504/xc32_monitor.o
LOAD build/default/production/_ext/1171490990/initialization.o
LOAD build/default/production/_ext/1171490990/exceptions.o
LOAD build/default/production/_ext/1171490990/startup_xc32.o
LOAD build/default/production/_ext/1171490990/libc_syscalls.o
LOAD build/default/production/_ext/1171490990/interrupts.o
LOAD build/default/production/_ext/1171490990/freertos_hooks.o
LOAD build/default/production/_ext/246609638/port.o
LOAD build/default/production/_ext/1665200909/heap_4.o
LOAD build/default/production/_ext/404212886/timers.o
LOAD build/default/production/_ext/404212886/queue.o
LOAD build/default/production/_ext/404212886/event_groups.o
LOAD build/default/production/_ext/404212886/stream_buffer.o
LOAD build/default/production/_ext/404212886/croutine.o
LOAD build/default/production/_ext/404212886/list.o
LOAD build/default/production/_ext/404212886/FreeRTOS_tasks.o
LOAD build/default/production/_ext/1360937237/main.o
LOAD build/default/production/_ext/1360937237/pwm_fan.o
LOAD build/default/production/_ext/1360937237/UUGreenRectifier.o
LOAD build/default/production/_ext/1360937237/HMI_FOO.o
LOAD build/default/production/_ext/1360937237/flashdata.o
                0x00000001                __MPLAB_BUILD = 0x1
                0x00100000                __rom_end = (ORIGIN (rom) + LENGTH (rom))
                0x20040000                __ram_end = (ORIGIN (ram) + LENGTH (ram))

.config_00804000
 *(.config_00804000)

.config_00804004
 *(.config_00804004)

.config_00804008
 *(.config_00804008)

.vectors        0x00000000      0x260
                0x00000000                . = ALIGN (0x4)
                0x00000000                _sfixed = .
 *(.vectors .vectors.* .vectors_default .vectors_default.*)
 .vectors.exception_table
                0x00000000      0x260 build/default/production/_ext/1171490990/interrupts.o
                0x00000000                exception_table
 *(.isr_vector)
 *(.reset*)
 *(.after_vectors)

.text           0x00000260       0x20
                0x00000260                . = ALIGN (0x4)
 *(.glue_7t)
 .glue_7t       0x00000260        0x0 linker stubs
 *(.glue_7)
 .glue_7        0x00000260        0x0 linker stubs
 *(.gnu.linkonce.r.*)
 *(.ARM.extab* .gnu.linkonce.armextab.*)
 .ARM.extab     0x00000260        0x0 c:/program files/microchip/xc32/v4.30/bin/bin/../../lib/gcc/pic32c/8.3.1/thumb/v7e-m+fp/hard\libgcc.a(_udivmoddi4.o)
                0x00000260                . = ALIGN (0x4)
 *(.init)
 .init          0x00000260        0x4 c:/program files/microchip/xc32/v4.30/bin/bin/../../lib/gcc/pic32c/8.3.1/thumb/v7e-m+fp/hard/crti.o
                0x00000260                _init
 .init          0x00000264        0x8 c:/program files/microchip/xc32/v4.30/bin/bin/../../lib/gcc/pic32c/8.3.1/thumb/v7e-m+fp/hard/crtn.o
                0x0000026c                . = ALIGN (0x4)
                0x0000026c                __preinit_array_start = .
 *(.preinit_array)
                0x0000026c                __preinit_array_end = .
                0x0000026c                . = ALIGN (0x4)
                0x0000026c                __init_array_start = .
 *(SORT_BY_NAME(.init_array.*))
 *(.init_array)
 .init_array    0x0000026c        0x4 c:/program files/microchip/xc32/v4.30/bin/bin/../../lib/gcc/pic32c/8.3.1/thumb/v7e-m+fp/hard/crtbegin.o
                0x00000270                __init_array_end = .
                0x00000270                . = ALIGN (0x4)
 *crtbegin.o(.ctors)
 *(EXCLUDE_FILE(*crtend.o) .ctors)
 *(SORT_BY_NAME(.ctors.*))
 *crtend.o(.ctors)
                0x00000270                . = ALIGN (0x4)
 *(.fini)
 .fini          0x00000270        0x4 c:/program files/microchip/xc32/v4.30/bin/bin/../../lib/gcc/pic32c/8.3.1/thumb/v7e-m+fp/hard/crti.o
                0x00000270                _fini
 .fini          0x00000274        0x8 c:/program files/microchip/xc32/v4.30/bin/bin/../../lib/gcc/pic32c/8.3.1/thumb/v7e-m+fp/hard/crtn.o
                0x0000027c                . = ALIGN (0x4)
                0x0000027c                __fini_array_start = .
 *(.fini_array)
 .fini_array    0x0000027c        0x4 c:/program files/microchip/xc32/v4.30/bin/bin/../../lib/gcc/pic32c/8.3.1/thumb/v7e-m+fp/hard/crtbegin.o
 *(SORT_BY_NAME(.fini_array.*))
                0x00000280                __fini_array_end = .
 *crtbegin.o(.dtors)
 *(EXCLUDE_FILE(*crtend.o) .dtors)
 *(SORT_BY_NAME(.dtors.*))
 *crtend.o(.dtors)
                0x00000280                . = ALIGN (0x4)
                0x00000280                _efixed = .
                [!provide]                PROVIDE (__exidx_start = .)

.ARM.exidx      0x00000280        0x8
 *(.ARM.exidx* .gnu.linkonce.armexidx.*)
 .ARM.exidx     0x00000280        0x8 c:/program files/microchip/xc32/v4.30/bin/bin/../../lib/gcc/pic32c/8.3.1/thumb/v7e-m+fp/hard\libgcc.a(_udivmoddi4.o)
                [!provide]                PROVIDE (__exidx_end = .)
                0x00000288                . = ALIGN (0x4)
                0x00000288                _etext = .

.bss            0x20000000        0x0
                0x20000000                . = ALIGN (0x4)
                0x20000000                __bss_start__ = .
                0x20000000                _sbss = .
                0x20000000                _szero = .
 *(COMMON)
                0x20000000                . = ALIGN (0x4)
                0x20000000                __bss_end__ = .
                0x20000000                _ebss = .
                0x20000000                _ezero = .
                0x20000000                . = ALIGN (0x4)
                0x20000000                _end = .
                0x2003ffff                _ram_end_ = ((ORIGIN (ram) + LENGTH (ram)) - 0x1)

.bkupram_bss
 *(.bkupram_bss .bkupram_bss.*)
 *(.pbss .pbss.*)
                0x00000200                _min_heap_size = 0x200
START GROUP
LOAD c:/program files/microchip/xc32/v4.30/bin/bin/../../lib/gcc/pic32c/8.3.1/../../../../pic32c/lib/thumb/v7e-m+fp/hard\libpic32c.a
LOAD c:/program files/microchip/xc32/v4.30/bin/bin/../../lib/gcc/pic32c/8.3.1/../../../../pic32c/lib/thumb/v7e-m+fp/hard\libm-fast-emfloat.a
LOAD c:/program files/microchip/xc32/v4.30/bin/bin/../../lib/gcc/pic32c/8.3.1/../../../../pic32c/lib/thumb/v7e-m+fp/hard\libc-musl.a
LOAD c:/program files/microchip/xc32/v4.30/bin/bin/../../lib/gcc/pic32c/8.3.1/../../../../pic32c/lib/thumb/v7e-m+fp/hard\libm-fast-emfloat.a
LOAD c:/program files/microchip/xc32/v4.30/bin/bin/../../lib/gcc/pic32c/8.3.1/thumb/v7e-m+fp/hard\libgcc.a
END GROUP
LOAD c:/program files/microchip/xc32/v4.30/bin/bin/../../lib/gcc/pic32c/8.3.1/thumb/v7e-m+fp/hard/crtend.o
LOAD c:/program files/microchip/xc32/v4.30/bin/bin/../../lib/gcc/pic32c/8.3.1/thumb/v7e-m+fp/hard/crtn.o
OUTPUT(dist/default/production/DC_120_M1.X.production.elf elf32-littlearm)
LOAD data_init
LOAD stack

.ARM.attributes
                0x00000000       0x32
 .ARM.attributes
                0x00000000       0x1e c:/program files/microchip/xc32/v4.30/bin/bin/../../lib/gcc/pic32c/8.3.1/thumb/v7e-m+fp/hard/crti.o
 .ARM.attributes
                0x0000001e       0x34 c:/program files/microchip/xc32/v4.30/bin/bin/../../lib/gcc/pic32c/8.3.1/thumb/v7e-m+fp/hard/crtbegin.o
 .ARM.attributes
                0x00000052       0x34 build/default/production/_ext/60163342/plib_adc0.o
 .ARM.attributes
                0x00000086       0x34 build/default/production/_ext/60163342/plib_adc1.o
 .ARM.attributes
                0x000000ba       0x34 build/default/production/_ext/60165182/plib_can1.o
 .ARM.attributes
                0x000000ee       0x34 build/default/production/_ext/60165182/plib_can0.o
 .ARM.attributes
                0x00000122       0x34 build/default/production/_ext/1984496892/plib_clock.o
 .ARM.attributes
                0x00000156       0x34 build/default/production/_ext/1865131932/plib_cmcc.o
 .ARM.attributes
                0x0000018a       0x34 build/default/production/_ext/60167341/plib_eic.o
 .ARM.attributes
                0x000001be       0x34 build/default/production/_ext/1986646378/plib_evsys.o
 .ARM.attributes
                0x000001f2       0x34 build/default/production/_ext/1865468468/plib_nvic.o
 .ARM.attributes
                0x00000226       0x34 build/default/production/_ext/1593096446/plib_nvmctrl.o
 .ARM.attributes
                0x0000025a       0x34 build/default/production/_ext/1865521619/plib_port.o
 .ARM.attributes
                0x0000028e       0x34 build/default/production/_ext/508257091/plib_sercom3_i2c_master.o
 .ARM.attributes
                0x000002c2       0x34 build/default/production/_ext/17022449/plib_sercom1_spi_master.o
 .ARM.attributes
                0x000002f6       0x34 build/default/production/_ext/504274921/plib_sercom5_usart.o
 .ARM.attributes
                0x0000032a       0x34 build/default/production/_ext/504274921/plib_sercom6_usart.o
 .ARM.attributes
                0x0000035e       0x34 build/default/production/_ext/504274921/plib_sercom4_usart.o
 .ARM.attributes
                0x00000392       0x34 build/default/production/_ext/504274921/plib_sercom2_usart.o
 .ARM.attributes
                0x000003c6       0x34 build/default/production/_ext/504274921/plib_sercom7_usart.o
 .ARM.attributes
                0x000003fa       0x34 build/default/production/_ext/829342655/plib_tc7.o
 .ARM.attributes
                0x0000042e       0x34 build/default/production/_ext/60184501/plib_wdt.o
 .ARM.attributes
                0x00000462       0x34 build/default/production/_ext/163028504/xc32_monitor.o
 .ARM.attributes
                0x00000496       0x34 build/default/production/_ext/1171490990/initialization.o
 .ARM.attributes
                0x000004ca       0x34 build/default/production/_ext/1171490990/exceptions.o
 .ARM.attributes
                0x000004fe       0x34 build/default/production/_ext/1171490990/startup_xc32.o
 .ARM.attributes
                0x00000532       0x34 build/default/production/_ext/1171490990/libc_syscalls.o
 .ARM.attributes
                0x00000566       0x34 build/default/production/_ext/1171490990/interrupts.o
 .ARM.attributes
                0x0000059a       0x34 build/default/production/_ext/1171490990/freertos_hooks.o
 .ARM.attributes
                0x000005ce       0x34 build/default/production/_ext/246609638/port.o
 .ARM.attributes
                0x00000602       0x34 build/default/production/_ext/1665200909/heap_4.o
 .ARM.attributes
                0x00000636       0x34 build/default/production/_ext/404212886/timers.o
 .ARM.attributes
                0x0000066a       0x34 build/default/production/_ext/404212886/queue.o
 .ARM.attributes
                0x0000069e       0x34 build/default/production/_ext/404212886/event_groups.o
 .ARM.attributes
                0x000006d2       0x34 build/default/production/_ext/404212886/stream_buffer.o
 .ARM.attributes
                0x00000706       0x39 build/default/production/_ext/404212886/croutine.o
 .ARM.attributes
                0x0000073f       0x34 build/default/production/_ext/404212886/list.o
 .ARM.attributes
                0x00000773       0x34 build/default/production/_ext/404212886/FreeRTOS_tasks.o
 .ARM.attributes
                0x000007a7       0x34 build/default/production/_ext/1360937237/main.o
 .ARM.attributes
                0x000007db       0x34 build/default/production/_ext/1360937237/pwm_fan.o
 .ARM.attributes
                0x0000080f       0x34 build/default/production/_ext/1360937237/UUGreenRectifier.o
 .ARM.attributes
                0x00000843       0x34 build/default/production/_ext/1360937237/HMI_FOO.o
 .ARM.attributes
                0x00000877       0x34 build/default/production/_ext/1360937237/flashdata.o
 .ARM.attributes
                0x000008ab       0x34 c:/program files/microchip/xc32/v4.30/bin/bin/../../lib/gcc/pic32c/8.3.1/../../../../pic32c/lib/thumb/v7e-m+fp/hard\libpic32c.a(data_init.o)
 .ARM.attributes
                0x000008df       0x20 c:/program files/microchip/xc32/v4.30/bin/bin/../../lib/gcc/pic32c/8.3.1/../../../../pic32c/lib/thumb/v7e-m+fp/hard\libm-fast-emfloat.a(__aeabi_dsub.o)
 .ARM.attributes
                0x000008ff       0x20 c:/program files/microchip/xc32/v4.30/bin/bin/../../lib/gcc/pic32c/8.3.1/../../../../pic32c/lib/thumb/v7e-m+fp/hard\libm-fast-emfloat.a(__aeabi_dmul.o)
 .ARM.attributes
                0x0000091f       0x20 c:/program files/microchip/xc32/v4.30/bin/bin/../../lib/gcc/pic32c/8.3.1/../../../../pic32c/lib/thumb/v7e-m+fp/hard\libm-fast-emfloat.a(__aeabi_ddiv.o)
 .ARM.attributes
                0x0000093f       0x20 c:/program files/microchip/xc32/v4.30/bin/bin/../../lib/gcc/pic32c/8.3.1/../../../../pic32c/lib/thumb/v7e-m+fp/hard\libm-fast-emfloat.a(__aeabi_i2d.o)
 .ARM.attributes
                0x0000095f       0x20 c:/program files/microchip/xc32/v4.30/bin/bin/../../lib/gcc/pic32c/8.3.1/../../../../pic32c/lib/thumb/v7e-m+fp/hard\libm-fast-emfloat.a(__aeabi_f2d.o)
 .ARM.attributes
                0x0000097f       0x20 c:/program files/microchip/xc32/v4.30/bin/bin/../../lib/gcc/pic32c/8.3.1/../../../../pic32c/lib/thumb/v7e-m+fp/hard\libm-fast-emfloat.a(__aeabi_d2f.o)
 .ARM.attributes
                0x0000099f       0x20 c:/program files/microchip/xc32/v4.30/bin/bin/../../lib/gcc/pic32c/8.3.1/../../../../pic32c/lib/thumb/v7e-m+fp/hard\libm-fast-emfloat.a(__aeabi_dadd.o)
 .ARM.attributes
                0x000009bf       0x36 c:/program files/microchip/xc32/v4.30/bin/bin/../../lib/gcc/pic32c/8.3.1/../../../../pic32c/lib/thumb/v7e-m+fp/hard\libc-musl.a(__libc_start_main.o)
 .ARM.attributes
                0x000009f5       0x34 c:/program files/microchip/xc32/v4.30/bin/bin/../../lib/gcc/pic32c/8.3.1/../../../../pic32c/lib/thumb/v7e-m+fp/hard\libc-musl.a(libc.o)
 .ARM.attributes
                0x00000a29       0x36 c:/program files/microchip/xc32/v4.30/bin/bin/../../lib/gcc/pic32c/8.3.1/../../../../pic32c/lib/thumb/v7e-m+fp/hard\libc-musl.a(__sio_sprintf_deEfFgGn.o)
 .ARM.attributes
                0x00000a5f       0x36 c:/program files/microchip/xc32/v4.30/bin/bin/../../lib/gcc/pic32c/8.3.1/../../../../pic32c/lib/thumb/v7e-m+fp/hard\libc-musl.a(__fmt_d.o)
 .ARM.attributes
                0x00000a95       0x36 c:/program files/microchip/xc32/v4.30/bin/bin/../../lib/gcc/pic32c/8.3.1/../../../../pic32c/lib/thumb/v7e-m+fp/hard\libc-musl.a(__fmt_fp.o)
 .ARM.attributes
                0x00000acb       0x36 c:/program files/microchip/xc32/v4.30/bin/bin/../../lib/gcc/pic32c/8.3.1/../../../../pic32c/lib/thumb/v7e-m+fp/hard\libc-musl.a(__pop_float.o)
 .ARM.attributes
                0x00000b01       0x36 c:/program files/microchip/xc32/v4.30/bin/bin/../../lib/gcc/pic32c/8.3.1/../../../../pic32c/lib/thumb/v7e-m+fp/hard\libc-musl.a(__pop_int.o)
 .ARM.attributes
                0x00000b37       0x36 c:/program files/microchip/xc32/v4.30/bin/bin/../../lib/gcc/pic32c/8.3.1/../../../../pic32c/lib/thumb/v7e-m+fp/hard\libc-musl.a(__pop_ptr.o)
 .ARM.attributes
                0x00000b6d       0x36 c:/program files/microchip/xc32/v4.30/bin/bin/../../lib/gcc/pic32c/8.3.1/../../../../pic32c/lib/thumb/v7e-m+fp/hard\libc-musl.a(__printf_core.o)
 .ARM.attributes
                0x00000ba3       0x36 c:/program files/microchip/xc32/v4.30/bin/bin/../../lib/gcc/pic32c/8.3.1/../../../../pic32c/lib/thumb/v7e-m+fp/hard\libc-musl.a(atoi.o)
 .ARM.attributes
                0x00000bd9       0x36 c:/program files/microchip/xc32/v4.30/bin/bin/../../lib/gcc/pic32c/8.3.1/../../../../pic32c/lib/thumb/v7e-m+fp/hard\libc-musl.a(memcpy.o)
 .ARM.attributes
                0x00000c0f       0x36 c:/program files/microchip/xc32/v4.30/bin/bin/../../lib/gcc/pic32c/8.3.1/../../../../pic32c/lib/thumb/v7e-m+fp/hard\libc-musl.a(memset.o)
 .ARM.attributes
                0x00000c45       0x36 c:/program files/microchip/xc32/v4.30/bin/bin/../../lib/gcc/pic32c/8.3.1/../../../../pic32c/lib/thumb/v7e-m+fp/hard\libc-musl.a(strlen.o)
 .ARM.attributes
                0x00000c7b       0x36 c:/program files/microchip/xc32/v4.30/bin/bin/../../lib/gcc/pic32c/8.3.1/../../../../pic32c/lib/thumb/v7e-m+fp/hard\libc-musl.a(strcpy.o)
 .ARM.attributes
                0x00000cb1       0x36 c:/program files/microchip/xc32/v4.30/bin/bin/../../lib/gcc/pic32c/8.3.1/../../../../pic32c/lib/thumb/v7e-m+fp/hard\libc-musl.a(tolower.o)
 .ARM.attributes
                0x00000ce7       0x34 c:/program files/microchip/xc32/v4.30/bin/bin/../../lib/gcc/pic32c/8.3.1/../../../../pic32c/lib/thumb/v7e-m+fp/hard\libc-musl.a(__environ.o)
 .ARM.attributes
                0x00000d1b       0x34 c:/program files/microchip/xc32/v4.30/bin/bin/../../lib/gcc/pic32c/8.3.1/../../../../pic32c/lib/thumb/v7e-m+fp/hard\libc-musl.a(__errno_location.o)
 .ARM.attributes
                0x00000d4f       0x36 c:/program files/microchip/xc32/v4.30/bin/bin/../../lib/gcc/pic32c/8.3.1/../../../../pic32c/lib/thumb/v7e-m+fp/hard\libc-musl.a(__int_vsprintf.o)
 .ARM.attributes
                0x00000d85       0x36 c:/program files/microchip/xc32/v4.30/bin/bin/../../lib/gcc/pic32c/8.3.1/../../../../pic32c/lib/thumb/v7e-m+fp/hard\libc-musl.a(__cvt_u.o)
 .ARM.attributes
                0x00000dbb       0x36 c:/program files/microchip/xc32/v4.30/bin/bin/../../lib/gcc/pic32c/8.3.1/../../../../pic32c/lib/thumb/v7e-m+fp/hard\libc-musl.a(stpcpy.o)
 .ARM.attributes
                0x00000df1       0x36 c:/program files/microchip/xc32/v4.30/bin/bin/../../lib/gcc/pic32c/8.3.1/../../../../pic32c/lib/thumb/v7e-m+fp/hard\libc-musl.a(__int_vsnprintf.o)
 .ARM.attributes
                0x00000e27       0x36 c:/program files/microchip/xc32/v4.30/bin/bin/../../lib/gcc/pic32c/8.3.1/../../../../pic32c/lib/thumb/v7e-m+fp/hard\libc-musl.a(__int_vfprintf.o)
 .ARM.attributes
                0x00000e5d       0x34 c:/program files/microchip/xc32/v4.30/bin/bin/../../lib/gcc/pic32c/8.3.1/../../../../pic32c/lib/thumb/v7e-m+fp/hard\libm-fast-emfloat.a(fma.o)
 .ARM.attributes
                0x00000e91       0x34 c:/program files/microchip/xc32/v4.30/bin/bin/../../lib/gcc/pic32c/8.3.1/../../../../pic32c/lib/thumb/v7e-m+fp/hard\libm-fast-emfloat.a(floor.o)
 .ARM.attributes
                0x00000ec5       0x20 c:/program files/microchip/xc32/v4.30/bin/bin/../../lib/gcc/pic32c/8.3.1/../../../../pic32c/lib/thumb/v7e-m+fp/hard\libm-fast-emfloat.a(__aeabi_dcmple.o)
 .ARM.attributes
                0x00000ee5       0x20 c:/program files/microchip/xc32/v4.30/bin/bin/../../lib/gcc/pic32c/8.3.1/../../../../pic32c/lib/thumb/v7e-m+fp/hard\libm-fast-emfloat.a(__aeabi_dcmpeq.o)
 .ARM.attributes
                0x00000f05       0x20 c:/program files/microchip/xc32/v4.30/bin/bin/../../lib/gcc/pic32c/8.3.1/../../../../pic32c/lib/thumb/v7e-m+fp/hard\libm-fast-emfloat.a(__aeabi_dcmpgt.o)
 .ARM.attributes
                0x00000f25       0x20 c:/program files/microchip/xc32/v4.30/bin/bin/../../lib/gcc/pic32c/8.3.1/../../../../pic32c/lib/thumb/v7e-m+fp/hard\libm-fast-emfloat.a(__aeabi_dcmplt.o)
 .ARM.attributes
                0x00000f45       0x20 c:/program files/microchip/xc32/v4.30/bin/bin/../../lib/gcc/pic32c/8.3.1/../../../../pic32c/lib/thumb/v7e-m+fp/hard\libm-fast-emfloat.a(__aeabi_d2iz.o)
 .ARM.attributes
                0x00000f65       0x1e c:/program files/microchip/xc32/v4.30/bin/bin/../../lib/gcc/pic32c/8.3.1/thumb/v7e-m+fp/hard\libgcc.a(_aeabi_uldivmod.o)
 .ARM.attributes
                0x00000f83       0x34 c:/program files/microchip/xc32/v4.30/bin/bin/../../lib/gcc/pic32c/8.3.1/thumb/v7e-m+fp/hard\libgcc.a(_udivmoddi4.o)
 .ARM.attributes
                0x00000fb7       0x1e c:/program files/microchip/xc32/v4.30/bin/bin/../../lib/gcc/pic32c/8.3.1/thumb/v7e-m+fp/hard\libgcc.a(_dvmd_tls.o)
 .ARM.attributes
                0x00000fd5       0x32 c:/program files/microchip/xc32/v4.30/bin/bin/../../lib/gcc/pic32c/8.3.1/thumb/v7e-m+fp/hard/crtend.o
 .ARM.attributes
                0x00001007       0x1e c:/program files/microchip/xc32/v4.30/bin/bin/../../lib/gcc/pic32c/8.3.1/thumb/v7e-m+fp/hard/crtn.o
 .ARM.attributes
                0x00001025       0x34 c:/program files/microchip/xc32/v4.30/bin/bin/../../lib/gcc/pic32c/8.3.1/../../../../pic32c/lib/thumb/v7e-m+fp/hard\libpic32c.a(pic32_data_init_clear.o)
 .ARM.attributes
                0x00001059       0x34 c:/program files/microchip/xc32/v4.30/bin/bin/../../lib/gcc/pic32c/8.3.1/../../../../pic32c/lib/thumb/v7e-m+fp/hard\libpic32c.a(pic32_data_init_copy.o)

.comment        0x00000000       0x2b
 .comment       0x00000000       0x2b c:/program files/microchip/xc32/v4.30/bin/bin/../../lib/gcc/pic32c/8.3.1/thumb/v7e-m+fp/hard/crtbegin.o
                                 0x2c (size before relaxing)
 .comment       0x0000002b       0x2c build/default/production/_ext/60163342/plib_adc0.o
 .comment       0x0000002b       0x2c build/default/production/_ext/60163342/plib_adc1.o
 .comment       0x0000002b       0x2c build/default/production/_ext/60165182/plib_can1.o
 .comment       0x0000002b       0x2c build/default/production/_ext/60165182/plib_can0.o
 .comment       0x0000002b       0x2c build/default/production/_ext/1984496892/plib_clock.o
 .comment       0x0000002b       0x2c build/default/production/_ext/1865131932/plib_cmcc.o
 .comment       0x0000002b       0x2c build/default/production/_ext/60167341/plib_eic.o
 .comment       0x0000002b       0x2c build/default/production/_ext/1986646378/plib_evsys.o
 .comment       0x0000002b       0x2c build/default/production/_ext/1865468468/plib_nvic.o
 .comment       0x0000002b       0x2c build/default/production/_ext/1593096446/plib_nvmctrl.o
 .comment       0x0000002b       0x2c build/default/production/_ext/1865521619/plib_port.o
 .comment       0x0000002b       0x2c build/default/production/_ext/508257091/plib_sercom3_i2c_master.o
 .comment       0x0000002b       0x2c build/default/production/_ext/17022449/plib_sercom1_spi_master.o
 .comment       0x0000002b       0x2c build/default/production/_ext/504274921/plib_sercom5_usart.o
 .comment       0x0000002b       0x2c build/default/production/_ext/504274921/plib_sercom6_usart.o
 .comment       0x0000002b       0x2c build/default/production/_ext/504274921/plib_sercom4_usart.o
 .comment       0x0000002b       0x2c build/default/production/_ext/504274921/plib_sercom2_usart.o
 .comment       0x0000002b       0x2c build/default/production/_ext/504274921/plib_sercom7_usart.o
 .comment       0x0000002b       0x2c build/default/production/_ext/829342655/plib_tc7.o
 .comment       0x0000002b       0x2c build/default/production/_ext/60184501/plib_wdt.o
 .comment       0x0000002b       0x2c build/default/production/_ext/163028504/xc32_monitor.o
 .comment       0x0000002b       0x2c build/default/production/_ext/1171490990/initialization.o
 .comment       0x0000002b       0x2c build/default/production/_ext/1171490990/exceptions.o
 .comment       0x0000002b       0x2c build/default/production/_ext/1171490990/startup_xc32.o
 .comment       0x0000002b       0x2c build/default/production/_ext/1171490990/libc_syscalls.o
 .comment       0x0000002b       0x2c build/default/production/_ext/1171490990/interrupts.o
 .comment       0x0000002b       0x2c build/default/production/_ext/1171490990/freertos_hooks.o
 .comment       0x0000002b       0x2c build/default/production/_ext/246609638/port.o
 .comment       0x0000002b       0x2c build/default/production/_ext/1665200909/heap_4.o
 .comment       0x0000002b       0x2c build/default/production/_ext/404212886/timers.o
 .comment       0x0000002b       0x2c build/default/production/_ext/404212886/queue.o
 .comment       0x0000002b       0x2c build/default/production/_ext/404212886/event_groups.o
 .comment       0x0000002b       0x2c build/default/production/_ext/404212886/stream_buffer.o
 .comment       0x0000002b       0x2c build/default/production/_ext/404212886/croutine.o
 .comment       0x0000002b       0x2c build/default/production/_ext/404212886/list.o
 .comment       0x0000002b       0x2c build/default/production/_ext/404212886/FreeRTOS_tasks.o
 .comment       0x0000002b       0x2c build/default/production/_ext/1360937237/main.o
 .comment       0x0000002b       0x2c build/default/production/_ext/1360937237/pwm_fan.o
 .comment       0x0000002b       0x2c build/default/production/_ext/1360937237/UUGreenRectifier.o
 .comment       0x0000002b       0x2c build/default/production/_ext/1360937237/HMI_FOO.o
 .comment       0x0000002b       0x2c build/default/production/_ext/1360937237/flashdata.o
 .comment       0x0000002b       0x2c c:/program files/microchip/xc32/v4.30/bin/bin/../../lib/gcc/pic32c/8.3.1/../../../../pic32c/lib/thumb/v7e-m+fp/hard\libpic32c.a(data_init.o)
 .comment       0x0000002b       0x2c c:/program files/microchip/xc32/v4.30/bin/bin/../../lib/gcc/pic32c/8.3.1/../../../../pic32c/lib/thumb/v7e-m+fp/hard\libc-musl.a(__libc_start_main.o)
 .comment       0x0000002b       0x2c c:/program files/microchip/xc32/v4.30/bin/bin/../../lib/gcc/pic32c/8.3.1/../../../../pic32c/lib/thumb/v7e-m+fp/hard\libc-musl.a(libc.o)
 .comment       0x0000002b       0x2c c:/program files/microchip/xc32/v4.30/bin/bin/../../lib/gcc/pic32c/8.3.1/../../../../pic32c/lib/thumb/v7e-m+fp/hard\libc-musl.a(__sio_sprintf_deEfFgGn.o)
 .comment       0x0000002b       0x2c c:/program files/microchip/xc32/v4.30/bin/bin/../../lib/gcc/pic32c/8.3.1/../../../../pic32c/lib/thumb/v7e-m+fp/hard\libc-musl.a(__fmt_d.o)
 .comment       0x0000002b       0x2c c:/program files/microchip/xc32/v4.30/bin/bin/../../lib/gcc/pic32c/8.3.1/../../../../pic32c/lib/thumb/v7e-m+fp/hard\libc-musl.a(__fmt_fp.o)
 .comment       0x0000002b       0x2c c:/program files/microchip/xc32/v4.30/bin/bin/../../lib/gcc/pic32c/8.3.1/../../../../pic32c/lib/thumb/v7e-m+fp/hard\libc-musl.a(__pop_float.o)
 .comment       0x0000002b       0x2c c:/program files/microchip/xc32/v4.30/bin/bin/../../lib/gcc/pic32c/8.3.1/../../../../pic32c/lib/thumb/v7e-m+fp/hard\libc-musl.a(__pop_int.o)
 .comment       0x0000002b       0x2c c:/program files/microchip/xc32/v4.30/bin/bin/../../lib/gcc/pic32c/8.3.1/../../../../pic32c/lib/thumb/v7e-m+fp/hard\libc-musl.a(__pop_ptr.o)
 .comment       0x0000002b       0x2c c:/program files/microchip/xc32/v4.30/bin/bin/../../lib/gcc/pic32c/8.3.1/../../../../pic32c/lib/thumb/v7e-m+fp/hard\libc-musl.a(__printf_core.o)
 .comment       0x0000002b       0x2c c:/program files/microchip/xc32/v4.30/bin/bin/../../lib/gcc/pic32c/8.3.1/../../../../pic32c/lib/thumb/v7e-m+fp/hard\libc-musl.a(atoi.o)
 .comment       0x0000002b       0x2c c:/program files/microchip/xc32/v4.30/bin/bin/../../lib/gcc/pic32c/8.3.1/../../../../pic32c/lib/thumb/v7e-m+fp/hard\libc-musl.a(memcpy.o)
 .comment       0x0000002b       0x2c c:/program files/microchip/xc32/v4.30/bin/bin/../../lib/gcc/pic32c/8.3.1/../../../../pic32c/lib/thumb/v7e-m+fp/hard\libc-musl.a(memset.o)
 .comment       0x0000002b       0x2c c:/program files/microchip/xc32/v4.30/bin/bin/../../lib/gcc/pic32c/8.3.1/../../../../pic32c/lib/thumb/v7e-m+fp/hard\libc-musl.a(strlen.o)
 .comment       0x0000002b       0x2c c:/program files/microchip/xc32/v4.30/bin/bin/../../lib/gcc/pic32c/8.3.1/../../../../pic32c/lib/thumb/v7e-m+fp/hard\libc-musl.a(strcpy.o)
 .comment       0x0000002b       0x2c c:/program files/microchip/xc32/v4.30/bin/bin/../../lib/gcc/pic32c/8.3.1/../../../../pic32c/lib/thumb/v7e-m+fp/hard\libc-musl.a(tolower.o)
 .comment       0x0000002b       0x2c c:/program files/microchip/xc32/v4.30/bin/bin/../../lib/gcc/pic32c/8.3.1/../../../../pic32c/lib/thumb/v7e-m+fp/hard\libc-musl.a(__environ.o)
 .comment       0x0000002b       0x2c c:/program files/microchip/xc32/v4.30/bin/bin/../../lib/gcc/pic32c/8.3.1/../../../../pic32c/lib/thumb/v7e-m+fp/hard\libc-musl.a(__errno_location.o)
 .comment       0x0000002b       0x2c c:/program files/microchip/xc32/v4.30/bin/bin/../../lib/gcc/pic32c/8.3.1/../../../../pic32c/lib/thumb/v7e-m+fp/hard\libc-musl.a(__int_vsprintf.o)
 .comment       0x0000002b       0x2c c:/program files/microchip/xc32/v4.30/bin/bin/../../lib/gcc/pic32c/8.3.1/../../../../pic32c/lib/thumb/v7e-m+fp/hard\libc-musl.a(__cvt_u.o)
 .comment       0x0000002b       0x2c c:/program files/microchip/xc32/v4.30/bin/bin/../../lib/gcc/pic32c/8.3.1/../../../../pic32c/lib/thumb/v7e-m+fp/hard\libc-musl.a(stpcpy.o)
 .comment       0x0000002b       0x2c c:/program files/microchip/xc32/v4.30/bin/bin/../../lib/gcc/pic32c/8.3.1/../../../../pic32c/lib/thumb/v7e-m+fp/hard\libc-musl.a(__int_vsnprintf.o)
 .comment       0x0000002b       0x2c c:/program files/microchip/xc32/v4.30/bin/bin/../../lib/gcc/pic32c/8.3.1/../../../../pic32c/lib/thumb/v7e-m+fp/hard\libc-musl.a(__int_vfprintf.o)
 .comment       0x0000002b       0x2c c:/program files/microchip/xc32/v4.30/bin/bin/../../lib/gcc/pic32c/8.3.1/../../../../pic32c/lib/thumb/v7e-m+fp/hard\libm-fast-emfloat.a(fma.o)
 .comment       0x0000002b       0x2c c:/program files/microchip/xc32/v4.30/bin/bin/../../lib/gcc/pic32c/8.3.1/../../../../pic32c/lib/thumb/v7e-m+fp/hard\libm-fast-emfloat.a(floor.o)
 .comment       0x0000002b       0x2c c:/program files/microchip/xc32/v4.30/bin/bin/../../lib/gcc/pic32c/8.3.1/thumb/v7e-m+fp/hard\libgcc.a(_udivmoddi4.o)
 .comment       0x0000002b       0x2c c:/program files/microchip/xc32/v4.30/bin/bin/../../lib/gcc/pic32c/8.3.1/thumb/v7e-m+fp/hard/crtend.o
 .comment       0x0000002b       0x2c c:/program files/microchip/xc32/v4.30/bin/bin/../../lib/gcc/pic32c/8.3.1/../../../../pic32c/lib/thumb/v7e-m+fp/hard\libpic32c.a(pic32_data_init_clear.o)
 .comment       0x0000002b       0x2c c:/program files/microchip/xc32/v4.30/bin/bin/../../lib/gcc/pic32c/8.3.1/../../../../pic32c/lib/thumb/v7e-m+fp/hard\libpic32c.a(pic32_data_init_copy.o)

.debug_info     0x00000000    0x5d69b
 .debug_info    0x00000000      0xcfe build/default/production/_ext/60163342/plib_adc0.o
 .debug_info    0x00000cfe      0xcfe build/default/production/_ext/60163342/plib_adc1.o
 .debug_info    0x000019fc     0x1d04 build/default/production/_ext/60165182/plib_can1.o
 .debug_info    0x00003700     0x1d04 build/default/production/_ext/60165182/plib_can0.o
 .debug_info    0x00005404      0xb52 build/default/production/_ext/1984496892/plib_clock.o
 .debug_info    0x00005f56      0x50b build/default/production/_ext/1865131932/plib_cmcc.o
 .debug_info    0x00006461      0x9e6 build/default/production/_ext/60167341/plib_eic.o
 .debug_info    0x00006e47      0x2f8 build/default/production/_ext/1986646378/plib_evsys.o
 .debug_info    0x0000713f     0x2293 build/default/production/_ext/1865468468/plib_nvic.o
 .debug_info    0x000093d2      0xe37 build/default/production/_ext/1593096446/plib_nvmctrl.o
 .debug_info    0x0000a209      0xf8d build/default/production/_ext/1865521619/plib_port.o
 .debug_info    0x0000b196     0x18e2 build/default/production/_ext/508257091/plib_sercom3_i2c_master.o
 .debug_info    0x0000ca78     0x124f build/default/production/_ext/17022449/plib_sercom1_spi_master.o
 .debug_info    0x0000dcc7     0x1958 build/default/production/_ext/504274921/plib_sercom5_usart.o
 .debug_info    0x0000f61f     0x1958 build/default/production/_ext/504274921/plib_sercom6_usart.o
 .debug_info    0x00010f77     0x1958 build/default/production/_ext/504274921/plib_sercom4_usart.o
 .debug_info    0x000128cf     0x1958 build/default/production/_ext/504274921/plib_sercom2_usart.o
 .debug_info    0x00014227     0x1958 build/default/production/_ext/504274921/plib_sercom7_usart.o
 .debug_info    0x00015b7f      0xbb4 build/default/production/_ext/829342655/plib_tc7.o
 .debug_info    0x00016733      0x5bb build/default/production/_ext/60184501/plib_wdt.o
 .debug_info    0x00016cee      0x302 build/default/production/_ext/163028504/xc32_monitor.o
 .debug_info    0x00016ff0      0x4b7 build/default/production/_ext/1171490990/initialization.o
 .debug_info    0x000174a7      0x3c3 build/default/production/_ext/1171490990/exceptions.o
 .debug_info    0x0001786a      0x873 build/default/production/_ext/1171490990/startup_xc32.o
 .debug_info    0x000180dd      0x2e9 build/default/production/_ext/1171490990/libc_syscalls.o
 .debug_info    0x000183c6     0x16b5 build/default/production/_ext/1171490990/interrupts.o
 .debug_info    0x00019a7b      0x509 build/default/production/_ext/1171490990/freertos_hooks.o
 .debug_info    0x00019f84      0x7ad build/default/production/_ext/246609638/port.o
 .debug_info    0x0001a731      0xae0 build/default/production/_ext/1665200909/heap_4.o
 .debug_info    0x0001b211     0x186b build/default/production/_ext/404212886/timers.o
 .debug_info    0x0001ca7c     0x2347 build/default/production/_ext/404212886/queue.o
 .debug_info    0x0001edc3      0xf3d build/default/production/_ext/404212886/event_groups.o
 .debug_info    0x0001fd00     0x1f34 build/default/production/_ext/404212886/stream_buffer.o
 .debug_info    0x00021c34      0x2c8 build/default/production/_ext/404212886/croutine.o
 .debug_info    0x00021efc      0x60d build/default/production/_ext/404212886/list.o
 .debug_info    0x00022509     0x3bbc build/default/production/_ext/404212886/FreeRTOS_tasks.o
 .debug_info    0x000260c5    0x18d90 build/default/production/_ext/1360937237/main.o
 .debug_info    0x0003ee55      0x8cc build/default/production/_ext/1360937237/pwm_fan.o
 .debug_info    0x0003f721      0xec2 build/default/production/_ext/1360937237/UUGreenRectifier.o
 .debug_info    0x000405e3     0x417c build/default/production/_ext/1360937237/HMI_FOO.o
 .debug_info    0x0004475f    0x11d4a build/default/production/_ext/1360937237/flashdata.o
 .debug_info    0x000564a9      0x2bd c:/program files/microchip/xc32/v4.30/bin/bin/../../lib/gcc/pic32c/8.3.1/../../../../pic32c/lib/thumb/v7e-m+fp/hard\libpic32c.a(data_init.o)
 .debug_info    0x00056766      0x621 c:/program files/microchip/xc32/v4.30/bin/bin/../../lib/gcc/pic32c/8.3.1/../../../../pic32c/lib/thumb/v7e-m+fp/hard\libc-musl.a(__libc_start_main.o)
 .debug_info    0x00056d87      0x533 c:/program files/microchip/xc32/v4.30/bin/bin/../../lib/gcc/pic32c/8.3.1/../../../../pic32c/lib/thumb/v7e-m+fp/hard\libc-musl.a(libc.o)
 .debug_info    0x000572ba      0x458 c:/program files/microchip/xc32/v4.30/bin/bin/../../lib/gcc/pic32c/8.3.1/../../../../pic32c/lib/thumb/v7e-m+fp/hard\libc-musl.a(__sio_sprintf_deEfFgGn.o)
 .debug_info    0x00057712      0x5c0 c:/program files/microchip/xc32/v4.30/bin/bin/../../lib/gcc/pic32c/8.3.1/../../../../pic32c/lib/thumb/v7e-m+fp/hard\libc-musl.a(__fmt_d.o)
 .debug_info    0x00057cd2      0x949 c:/program files/microchip/xc32/v4.30/bin/bin/../../lib/gcc/pic32c/8.3.1/../../../../pic32c/lib/thumb/v7e-m+fp/hard\libc-musl.a(__fmt_fp.o)
 .debug_info    0x0005861b      0x3db c:/program files/microchip/xc32/v4.30/bin/bin/../../lib/gcc/pic32c/8.3.1/../../../../pic32c/lib/thumb/v7e-m+fp/hard\libc-musl.a(__pop_float.o)
 .debug_info    0x000589f6      0x3ff c:/program files/microchip/xc32/v4.30/bin/bin/../../lib/gcc/pic32c/8.3.1/../../../../pic32c/lib/thumb/v7e-m+fp/hard\libc-musl.a(__pop_int.o)
 .debug_info    0x00058df5      0x405 c:/program files/microchip/xc32/v4.30/bin/bin/../../lib/gcc/pic32c/8.3.1/../../../../pic32c/lib/thumb/v7e-m+fp/hard\libc-musl.a(__pop_ptr.o)
 .debug_info    0x000591fa      0xd6c c:/program files/microchip/xc32/v4.30/bin/bin/../../lib/gcc/pic32c/8.3.1/../../../../pic32c/lib/thumb/v7e-m+fp/hard\libc-musl.a(__printf_core.o)
 .debug_info    0x00059f66      0x2f9 c:/program files/microchip/xc32/v4.30/bin/bin/../../lib/gcc/pic32c/8.3.1/../../../../pic32c/lib/thumb/v7e-m+fp/hard\libc-musl.a(atoi.o)
 .debug_info    0x0005a25f      0x2ef c:/program files/microchip/xc32/v4.30/bin/bin/../../lib/gcc/pic32c/8.3.1/../../../../pic32c/lib/thumb/v7e-m+fp/hard\libc-musl.a(memcpy.o)
 .debug_info    0x0005a54e      0x2b3 c:/program files/microchip/xc32/v4.30/bin/bin/../../lib/gcc/pic32c/8.3.1/../../../../pic32c/lib/thumb/v7e-m+fp/hard\libc-musl.a(memset.o)
 .debug_info    0x0005a801      0x2a4 c:/program files/microchip/xc32/v4.30/bin/bin/../../lib/gcc/pic32c/8.3.1/../../../../pic32c/lib/thumb/v7e-m+fp/hard\libc-musl.a(strlen.o)
 .debug_info    0x0005aaa5      0x2b2 c:/program files/microchip/xc32/v4.30/bin/bin/../../lib/gcc/pic32c/8.3.1/../../../../pic32c/lib/thumb/v7e-m+fp/hard\libc-musl.a(strcpy.o)
 .debug_info    0x0005ad57      0x351 c:/program files/microchip/xc32/v4.30/bin/bin/../../lib/gcc/pic32c/8.3.1/../../../../pic32c/lib/thumb/v7e-m+fp/hard\libc-musl.a(tolower.o)
 .debug_info    0x0005b0a8      0x2ad c:/program files/microchip/xc32/v4.30/bin/bin/../../lib/gcc/pic32c/8.3.1/../../../../pic32c/lib/thumb/v7e-m+fp/hard\libc-musl.a(__environ.o)
 .debug_info    0x0005b355      0x271 c:/program files/microchip/xc32/v4.30/bin/bin/../../lib/gcc/pic32c/8.3.1/../../../../pic32c/lib/thumb/v7e-m+fp/hard\libc-musl.a(__errno_location.o)
 .debug_info    0x0005b5c6      0x3a2 c:/program files/microchip/xc32/v4.30/bin/bin/../../lib/gcc/pic32c/8.3.1/../../../../pic32c/lib/thumb/v7e-m+fp/hard\libc-musl.a(__int_vsprintf.o)
 .debug_info    0x0005b968      0x441 c:/program files/microchip/xc32/v4.30/bin/bin/../../lib/gcc/pic32c/8.3.1/../../../../pic32c/lib/thumb/v7e-m+fp/hard\libc-musl.a(__cvt_u.o)
 .debug_info    0x0005bda9      0x2b6 c:/program files/microchip/xc32/v4.30/bin/bin/../../lib/gcc/pic32c/8.3.1/../../../../pic32c/lib/thumb/v7e-m+fp/hard\libc-musl.a(stpcpy.o)
 .debug_info    0x0005c05f      0x4a4 c:/program files/microchip/xc32/v4.30/bin/bin/../../lib/gcc/pic32c/8.3.1/../../../../pic32c/lib/thumb/v7e-m+fp/hard\libc-musl.a(__int_vsnprintf.o)
 .debug_info    0x0005c503      0x477 c:/program files/microchip/xc32/v4.30/bin/bin/../../lib/gcc/pic32c/8.3.1/../../../../pic32c/lib/thumb/v7e-m+fp/hard\libc-musl.a(__int_vfprintf.o)
 .debug_info    0x0005c97a       0x26 c:/program files/microchip/xc32/v4.30/bin/bin/../../lib/gcc/pic32c/8.3.1/thumb/v7e-m+fp/hard\libgcc.a(_aeabi_uldivmod.o)
 .debug_info    0x0005c9a0      0x7aa c:/program files/microchip/xc32/v4.30/bin/bin/../../lib/gcc/pic32c/8.3.1/thumb/v7e-m+fp/hard\libgcc.a(_udivmoddi4.o)
 .debug_info    0x0005d14a       0x26 c:/program files/microchip/xc32/v4.30/bin/bin/../../lib/gcc/pic32c/8.3.1/thumb/v7e-m+fp/hard\libgcc.a(_dvmd_tls.o)
 .debug_info    0x0005d170      0x296 c:/program files/microchip/xc32/v4.30/bin/bin/../../lib/gcc/pic32c/8.3.1/../../../../pic32c/lib/thumb/v7e-m+fp/hard\libpic32c.a(pic32_data_init_clear.o)
 .debug_info    0x0005d406      0x295 c:/program files/microchip/xc32/v4.30/bin/bin/../../lib/gcc/pic32c/8.3.1/../../../../pic32c/lib/thumb/v7e-m+fp/hard\libpic32c.a(pic32_data_init_copy.o)

.debug_abbrev   0x00000000     0x6bbd
 .debug_abbrev  0x00000000      0x17e build/default/production/_ext/60163342/plib_adc0.o
 .debug_abbrev  0x0000017e      0x17e build/default/production/_ext/60163342/plib_adc1.o
 .debug_abbrev  0x000002fc      0x3c4 build/default/production/_ext/60165182/plib_can1.o
 .debug_abbrev  0x000006c0      0x3c4 build/default/production/_ext/60165182/plib_can0.o
 .debug_abbrev  0x00000a84      0x122 build/default/production/_ext/1984496892/plib_clock.o
 .debug_abbrev  0x00000ba6       0x99 build/default/production/_ext/1865131932/plib_cmcc.o
 .debug_abbrev  0x00000c3f      0x1ba build/default/production/_ext/60167341/plib_eic.o
 .debug_abbrev  0x00000df9       0x3b build/default/production/_ext/1986646378/plib_evsys.o
 .debug_abbrev  0x00000e34      0x27d build/default/production/_ext/1865468468/plib_nvic.o
 .debug_abbrev  0x000010b1      0x245 build/default/production/_ext/1593096446/plib_nvmctrl.o
 .debug_abbrev  0x000012f6      0x1d6 build/default/production/_ext/1865521619/plib_port.o
 .debug_abbrev  0x000014cc      0x416 build/default/production/_ext/508257091/plib_sercom3_i2c_master.o
 .debug_abbrev  0x000018e2      0x229 build/default/production/_ext/17022449/plib_sercom1_spi_master.o
 .debug_abbrev  0x00001b0b      0x357 build/default/production/_ext/504274921/plib_sercom5_usart.o
 .debug_abbrev  0x00001e62      0x357 build/default/production/_ext/504274921/plib_sercom6_usart.o
 .debug_abbrev  0x000021b9      0x357 build/default/production/_ext/504274921/plib_sercom4_usart.o
 .debug_abbrev  0x00002510      0x357 build/default/production/_ext/504274921/plib_sercom2_usart.o
 .debug_abbrev  0x00002867      0x357 build/default/production/_ext/504274921/plib_sercom7_usart.o
 .debug_abbrev  0x00002bbe      0x187 build/default/production/_ext/829342655/plib_tc7.o
 .debug_abbrev  0x00002d45       0xe5 build/default/production/_ext/60184501/plib_wdt.o
 .debug_abbrev  0x00002e2a       0x96 build/default/production/_ext/163028504/xc32_monitor.o
 .debug_abbrev  0x00002ec0       0x8b build/default/production/_ext/1171490990/initialization.o
 .debug_abbrev  0x00002f4b       0x3e build/default/production/_ext/1171490990/exceptions.o
 .debug_abbrev  0x00002f89      0x1db build/default/production/_ext/1171490990/startup_xc32.o
 .debug_abbrev  0x00003164       0x52 build/default/production/_ext/1171490990/libc_syscalls.o
 .debug_abbrev  0x000031b6       0xb5 build/default/production/_ext/1171490990/interrupts.o
 .debug_abbrev  0x0000326b      0x14e build/default/production/_ext/1171490990/freertos_hooks.o
 .debug_abbrev  0x000033b9      0x230 build/default/production/_ext/246609638/port.o
 .debug_abbrev  0x000035e9      0x291 build/default/production/_ext/1665200909/heap_4.o
 .debug_abbrev  0x0000387a      0x3a1 build/default/production/_ext/404212886/timers.o
 .debug_abbrev  0x00003c1b      0x367 build/default/production/_ext/404212886/queue.o
 .debug_abbrev  0x00003f82      0x2e8 build/default/production/_ext/404212886/event_groups.o
 .debug_abbrev  0x0000426a      0x34a build/default/production/_ext/404212886/stream_buffer.o
 .debug_abbrev  0x000045b4       0x1b build/default/production/_ext/404212886/croutine.o
 .debug_abbrev  0x000045cf      0x157 build/default/production/_ext/404212886/list.o
 .debug_abbrev  0x00004726      0x4b8 build/default/production/_ext/404212886/FreeRTOS_tasks.o
 .debug_abbrev  0x00004bde      0x49d build/default/production/_ext/1360937237/main.o
 .debug_abbrev  0x0000507b       0xfd build/default/production/_ext/1360937237/pwm_fan.o
 .debug_abbrev  0x00005178      0x226 build/default/production/_ext/1360937237/UUGreenRectifier.o
 .debug_abbrev  0x0000539e      0x1d7 build/default/production/_ext/1360937237/HMI_FOO.o
 .debug_abbrev  0x00005575      0x12e build/default/production/_ext/1360937237/flashdata.o
 .debug_abbrev  0x000056a3       0x44 c:/program files/microchip/xc32/v4.30/bin/bin/../../lib/gcc/pic32c/8.3.1/../../../../pic32c/lib/thumb/v7e-m+fp/hard\libpic32c.a(data_init.o)
 .debug_abbrev  0x000056e7      0x117 c:/program files/microchip/xc32/v4.30/bin/bin/../../lib/gcc/pic32c/8.3.1/../../../../pic32c/lib/thumb/v7e-m+fp/hard\libc-musl.a(__libc_start_main.o)
 .debug_abbrev  0x000057fe       0xb8 c:/program files/microchip/xc32/v4.30/bin/bin/../../lib/gcc/pic32c/8.3.1/../../../../pic32c/lib/thumb/v7e-m+fp/hard\libc-musl.a(libc.o)
 .debug_abbrev  0x000058b6      0x12e c:/program files/microchip/xc32/v4.30/bin/bin/../../lib/gcc/pic32c/8.3.1/../../../../pic32c/lib/thumb/v7e-m+fp/hard\libc-musl.a(__sio_sprintf_deEfFgGn.o)
 .debug_abbrev  0x000059e4      0x120 c:/program files/microchip/xc32/v4.30/bin/bin/../../lib/gcc/pic32c/8.3.1/../../../../pic32c/lib/thumb/v7e-m+fp/hard\libc-musl.a(__fmt_d.o)
 .debug_abbrev  0x00005b04      0x1b3 c:/program files/microchip/xc32/v4.30/bin/bin/../../lib/gcc/pic32c/8.3.1/../../../../pic32c/lib/thumb/v7e-m+fp/hard\libc-musl.a(__fmt_fp.o)
 .debug_abbrev  0x00005cb7       0xbd c:/program files/microchip/xc32/v4.30/bin/bin/../../lib/gcc/pic32c/8.3.1/../../../../pic32c/lib/thumb/v7e-m+fp/hard\libc-musl.a(__pop_float.o)
 .debug_abbrev  0x00005d74       0xbd c:/program files/microchip/xc32/v4.30/bin/bin/../../lib/gcc/pic32c/8.3.1/../../../../pic32c/lib/thumb/v7e-m+fp/hard\libc-musl.a(__pop_int.o)
 .debug_abbrev  0x00005e31       0xce c:/program files/microchip/xc32/v4.30/bin/bin/../../lib/gcc/pic32c/8.3.1/../../../../pic32c/lib/thumb/v7e-m+fp/hard\libc-musl.a(__pop_ptr.o)
 .debug_abbrev  0x00005eff      0x2c5 c:/program files/microchip/xc32/v4.30/bin/bin/../../lib/gcc/pic32c/8.3.1/../../../../pic32c/lib/thumb/v7e-m+fp/hard\libc-musl.a(__printf_core.o)
 .debug_abbrev  0x000061c4       0xbb c:/program files/microchip/xc32/v4.30/bin/bin/../../lib/gcc/pic32c/8.3.1/../../../../pic32c/lib/thumb/v7e-m+fp/hard\libc-musl.a(atoi.o)
 .debug_abbrev  0x0000627f       0x9c c:/program files/microchip/xc32/v4.30/bin/bin/../../lib/gcc/pic32c/8.3.1/../../../../pic32c/lib/thumb/v7e-m+fp/hard\libc-musl.a(memcpy.o)
 .debug_abbrev  0x0000631b       0x97 c:/program files/microchip/xc32/v4.30/bin/bin/../../lib/gcc/pic32c/8.3.1/../../../../pic32c/lib/thumb/v7e-m+fp/hard\libc-musl.a(memset.o)
 .debug_abbrev  0x000063b2       0x86 c:/program files/microchip/xc32/v4.30/bin/bin/../../lib/gcc/pic32c/8.3.1/../../../../pic32c/lib/thumb/v7e-m+fp/hard\libc-musl.a(strlen.o)
 .debug_abbrev  0x00006438       0x8e c:/program files/microchip/xc32/v4.30/bin/bin/../../lib/gcc/pic32c/8.3.1/../../../../pic32c/lib/thumb/v7e-m+fp/hard\libc-musl.a(strcpy.o)
 .debug_abbrev  0x000064c6       0xfd c:/program files/microchip/xc32/v4.30/bin/bin/../../lib/gcc/pic32c/8.3.1/../../../../pic32c/lib/thumb/v7e-m+fp/hard\libc-musl.a(tolower.o)
 .debug_abbrev  0x000065c3       0x57 c:/program files/microchip/xc32/v4.30/bin/bin/../../lib/gcc/pic32c/8.3.1/../../../../pic32c/lib/thumb/v7e-m+fp/hard\libc-musl.a(__environ.o)
 .debug_abbrev  0x0000661a       0x2e c:/program files/microchip/xc32/v4.30/bin/bin/../../lib/gcc/pic32c/8.3.1/../../../../pic32c/lib/thumb/v7e-m+fp/hard\libc-musl.a(__errno_location.o)
 .debug_abbrev  0x00006648       0xc3 c:/program files/microchip/xc32/v4.30/bin/bin/../../lib/gcc/pic32c/8.3.1/../../../../pic32c/lib/thumb/v7e-m+fp/hard\libc-musl.a(__int_vsprintf.o)
 .debug_abbrev  0x0000670b       0xa1 c:/program files/microchip/xc32/v4.30/bin/bin/../../lib/gcc/pic32c/8.3.1/../../../../pic32c/lib/thumb/v7e-m+fp/hard\libc-musl.a(__cvt_u.o)
 .debug_abbrev  0x000067ac       0x63 c:/program files/microchip/xc32/v4.30/bin/bin/../../lib/gcc/pic32c/8.3.1/../../../../pic32c/lib/thumb/v7e-m+fp/hard\libc-musl.a(stpcpy.o)
 .debug_abbrev  0x0000680f      0x127 c:/program files/microchip/xc32/v4.30/bin/bin/../../lib/gcc/pic32c/8.3.1/../../../../pic32c/lib/thumb/v7e-m+fp/hard\libc-musl.a(__int_vsnprintf.o)
 .debug_abbrev  0x00006936      0x111 c:/program files/microchip/xc32/v4.30/bin/bin/../../lib/gcc/pic32c/8.3.1/../../../../pic32c/lib/thumb/v7e-m+fp/hard\libc-musl.a(__int_vfprintf.o)
 .debug_abbrev  0x00006a47       0x14 c:/program files/microchip/xc32/v4.30/bin/bin/../../lib/gcc/pic32c/8.3.1/thumb/v7e-m+fp/hard\libgcc.a(_aeabi_uldivmod.o)
 .debug_abbrev  0x00006a5b       0xf2 c:/program files/microchip/xc32/v4.30/bin/bin/../../lib/gcc/pic32c/8.3.1/thumb/v7e-m+fp/hard\libgcc.a(_udivmoddi4.o)
 .debug_abbrev  0x00006b4d       0x14 c:/program files/microchip/xc32/v4.30/bin/bin/../../lib/gcc/pic32c/8.3.1/thumb/v7e-m+fp/hard\libgcc.a(_dvmd_tls.o)
 .debug_abbrev  0x00006b61       0x2e c:/program files/microchip/xc32/v4.30/bin/bin/../../lib/gcc/pic32c/8.3.1/../../../../pic32c/lib/thumb/v7e-m+fp/hard\libpic32c.a(pic32_data_init_clear.o)
 .debug_abbrev  0x00006b8f       0x2e c:/program files/microchip/xc32/v4.30/bin/bin/../../lib/gcc/pic32c/8.3.1/../../../../pic32c/lib/thumb/v7e-m+fp/hard\libpic32c.a(pic32_data_init_copy.o)

.debug_loc      0x00000000    0x1b131
 .debug_loc     0x00000000       0xa2 build/default/production/_ext/60163342/plib_adc0.o
 .debug_loc     0x000000a2       0xa2 build/default/production/_ext/60163342/plib_adc1.o
 .debug_loc     0x00000144      0xdb7 build/default/production/_ext/60165182/plib_can1.o
 .debug_loc     0x00000efb      0xdb7 build/default/production/_ext/60165182/plib_can0.o
 .debug_loc     0x00001cb2      0x2d6 build/default/production/_ext/60167341/plib_eic.o
 .debug_loc     0x00001f88      0xb30 build/default/production/_ext/1865468468/plib_nvic.o
 .debug_loc     0x00002ab8      0x83e build/default/production/_ext/1593096446/plib_nvmctrl.o
 .debug_loc     0x000032f6      0x1e8 build/default/production/_ext/1865521619/plib_port.o
 .debug_loc     0x000034de      0xd3b build/default/production/_ext/508257091/plib_sercom3_i2c_master.o
 .debug_loc     0x00004219      0x57d build/default/production/_ext/17022449/plib_sercom1_spi_master.o
 .debug_loc     0x00004796      0x878 build/default/production/_ext/504274921/plib_sercom5_usart.o
 .debug_loc     0x0000500e      0x878 build/default/production/_ext/504274921/plib_sercom6_usart.o
 .debug_loc     0x00005886      0x878 build/default/production/_ext/504274921/plib_sercom4_usart.o
 .debug_loc     0x000060fe      0x878 build/default/production/_ext/504274921/plib_sercom2_usart.o
 .debug_loc     0x00006976      0x878 build/default/production/_ext/504274921/plib_sercom7_usart.o
 .debug_loc     0x000071ee       0xeb build/default/production/_ext/829342655/plib_tc7.o
 .debug_loc     0x000072d9       0x25 build/default/production/_ext/60184501/plib_wdt.o
 .debug_loc     0x000072fe       0x4a build/default/production/_ext/163028504/xc32_monitor.o
 .debug_loc     0x00007348       0x45 build/default/production/_ext/1171490990/initialization.o
 .debug_loc     0x0000738d       0x4a build/default/production/_ext/1171490990/startup_xc32.o
 .debug_loc     0x000073d7       0x15 build/default/production/_ext/1171490990/libc_syscalls.o
 .debug_loc     0x000073ec       0x82 build/default/production/_ext/1171490990/freertos_hooks.o
 .debug_loc     0x0000746e      0x13a build/default/production/_ext/246609638/port.o
 .debug_loc     0x000075a8      0x5c1 build/default/production/_ext/1665200909/heap_4.o
 .debug_loc     0x00007b69     0x1053 build/default/production/_ext/404212886/timers.o
 .debug_loc     0x00008bbc     0x1a10 build/default/production/_ext/404212886/queue.o
 .debug_loc     0x0000a5cc      0xac5 build/default/production/_ext/404212886/event_groups.o
 .debug_loc     0x0000b091     0x1c6c build/default/production/_ext/404212886/stream_buffer.o
 .debug_loc     0x0000ccfd       0xb2 build/default/production/_ext/404212886/list.o
 .debug_loc     0x0000cdaf     0x2f63 build/default/production/_ext/404212886/FreeRTOS_tasks.o
 .debug_loc     0x0000fd12     0x3e84 build/default/production/_ext/1360937237/main.o
 .debug_loc     0x00013b96       0x45 build/default/production/_ext/1360937237/pwm_fan.o
 .debug_loc     0x00013bdb      0x5c0 build/default/production/_ext/1360937237/UUGreenRectifier.o
 .debug_loc     0x0001419b     0x2959 build/default/production/_ext/1360937237/HMI_FOO.o
 .debug_loc     0x00016af4     0x17f6 build/default/production/_ext/1360937237/flashdata.o
 .debug_loc     0x000182ea       0x14 c:/program files/microchip/xc32/v4.30/bin/bin/../../lib/gcc/pic32c/8.3.1/../../../../pic32c/lib/thumb/v7e-m+fp/hard\libpic32c.a(data_init.o)
 .debug_loc     0x000182fe       0x51 c:/program files/microchip/xc32/v4.30/bin/bin/../../lib/gcc/pic32c/8.3.1/../../../../pic32c/lib/thumb/v7e-m+fp/hard\libc-musl.a(__libc_start_main.o)
 .debug_loc     0x0001834f       0xb6 c:/program files/microchip/xc32/v4.30/bin/bin/../../lib/gcc/pic32c/8.3.1/../../../../pic32c/lib/thumb/v7e-m+fp/hard\libc-musl.a(__sio_sprintf_deEfFgGn.o)
 .debug_loc     0x00018405      0x1ef c:/program files/microchip/xc32/v4.30/bin/bin/../../lib/gcc/pic32c/8.3.1/../../../../pic32c/lib/thumb/v7e-m+fp/hard\libc-musl.a(__fmt_d.o)
 .debug_loc     0x000185f4      0xa5d c:/program files/microchip/xc32/v4.30/bin/bin/../../lib/gcc/pic32c/8.3.1/../../../../pic32c/lib/thumb/v7e-m+fp/hard\libc-musl.a(__fmt_fp.o)
 .debug_loc     0x00019051       0xa6 c:/program files/microchip/xc32/v4.30/bin/bin/../../lib/gcc/pic32c/8.3.1/../../../../pic32c/lib/thumb/v7e-m+fp/hard\libc-musl.a(__pop_float.o)
 .debug_loc     0x000190f7      0x2f5 c:/program files/microchip/xc32/v4.30/bin/bin/../../lib/gcc/pic32c/8.3.1/../../../../pic32c/lib/thumb/v7e-m+fp/hard\libc-musl.a(__pop_int.o)
 .debug_loc     0x000193ec      0x1db c:/program files/microchip/xc32/v4.30/bin/bin/../../lib/gcc/pic32c/8.3.1/../../../../pic32c/lib/thumb/v7e-m+fp/hard\libc-musl.a(__pop_ptr.o)
 .debug_loc     0x000195c7      0x5e9 c:/program files/microchip/xc32/v4.30/bin/bin/../../lib/gcc/pic32c/8.3.1/../../../../pic32c/lib/thumb/v7e-m+fp/hard\libc-musl.a(__printf_core.o)
 .debug_loc     0x00019bb0       0xd8 c:/program files/microchip/xc32/v4.30/bin/bin/../../lib/gcc/pic32c/8.3.1/../../../../pic32c/lib/thumb/v7e-m+fp/hard\libc-musl.a(atoi.o)
 .debug_loc     0x00019c88       0xe5 c:/program files/microchip/xc32/v4.30/bin/bin/../../lib/gcc/pic32c/8.3.1/../../../../pic32c/lib/thumb/v7e-m+fp/hard\libc-musl.a(memcpy.o)
 .debug_loc     0x00019d6d       0x56 c:/program files/microchip/xc32/v4.30/bin/bin/../../lib/gcc/pic32c/8.3.1/../../../../pic32c/lib/thumb/v7e-m+fp/hard\libc-musl.a(memset.o)
 .debug_loc     0x00019dc3       0x47 c:/program files/microchip/xc32/v4.30/bin/bin/../../lib/gcc/pic32c/8.3.1/../../../../pic32c/lib/thumb/v7e-m+fp/hard\libc-musl.a(strlen.o)
 .debug_loc     0x00019e0a       0x67 c:/program files/microchip/xc32/v4.30/bin/bin/../../lib/gcc/pic32c/8.3.1/../../../../pic32c/lib/thumb/v7e-m+fp/hard\libc-musl.a(strcpy.o)
 .debug_loc     0x00019e71       0x4a c:/program files/microchip/xc32/v4.30/bin/bin/../../lib/gcc/pic32c/8.3.1/../../../../pic32c/lib/thumb/v7e-m+fp/hard\libc-musl.a(tolower.o)
 .debug_loc     0x00019ebb       0x6c c:/program files/microchip/xc32/v4.30/bin/bin/../../lib/gcc/pic32c/8.3.1/../../../../pic32c/lib/thumb/v7e-m+fp/hard\libc-musl.a(__int_vsprintf.o)
 .debug_loc     0x00019f27      0x198 c:/program files/microchip/xc32/v4.30/bin/bin/../../lib/gcc/pic32c/8.3.1/../../../../pic32c/lib/thumb/v7e-m+fp/hard\libc-musl.a(__cvt_u.o)
 .debug_loc     0x0001a0bf       0x60 c:/program files/microchip/xc32/v4.30/bin/bin/../../lib/gcc/pic32c/8.3.1/../../../../pic32c/lib/thumb/v7e-m+fp/hard\libc-musl.a(stpcpy.o)
 .debug_loc     0x0001a11f       0xfd c:/program files/microchip/xc32/v4.30/bin/bin/../../lib/gcc/pic32c/8.3.1/../../../../pic32c/lib/thumb/v7e-m+fp/hard\libc-musl.a(__int_vsnprintf.o)
 .debug_loc     0x0001a21c       0x88 c:/program files/microchip/xc32/v4.30/bin/bin/../../lib/gcc/pic32c/8.3.1/../../../../pic32c/lib/thumb/v7e-m+fp/hard\libc-musl.a(__int_vfprintf.o)
 .debug_loc     0x0001a2a4      0xe79 c:/program files/microchip/xc32/v4.30/bin/bin/../../lib/gcc/pic32c/8.3.1/thumb/v7e-m+fp/hard\libgcc.a(_udivmoddi4.o)
 .debug_loc     0x0001b11d       0x14 c:/program files/microchip/xc32/v4.30/bin/bin/../../lib/gcc/pic32c/8.3.1/../../../../pic32c/lib/thumb/v7e-m+fp/hard\libpic32c.a(pic32_data_init_copy.o)

.debug_aranges  0x00000000     0x1fd0
 .debug_aranges
                0x00000000       0x80 build/default/production/_ext/60163342/plib_adc0.o
 .debug_aranges
                0x00000080       0x80 build/default/production/_ext/60163342/plib_adc1.o
 .debug_aranges
                0x00000100       0xa8 build/default/production/_ext/60165182/plib_can1.o
 .debug_aranges
                0x000001a8       0xa8 build/default/production/_ext/60165182/plib_can0.o
 .debug_aranges
                0x00000250       0x20 build/default/production/_ext/1984496892/plib_clock.o
 .debug_aranges
                0x00000270       0x48 build/default/production/_ext/1865131932/plib_cmcc.o
 .debug_aranges
                0x000002b8       0x88 build/default/production/_ext/60167341/plib_eic.o
 .debug_aranges
                0x00000340       0x20 build/default/production/_ext/1986646378/plib_evsys.o
 .debug_aranges
                0x00000360       0x48 build/default/production/_ext/1865468468/plib_nvic.o
 .debug_aranges
                0x000003a8       0xd8 build/default/production/_ext/1593096446/plib_nvmctrl.o
 .debug_aranges
                0x00000480       0x70 build/default/production/_ext/1865521619/plib_port.o
 .debug_aranges
                0x000004f0       0x70 build/default/production/_ext/508257091/plib_sercom3_i2c_master.o
 .debug_aranges
                0x00000560       0x48 build/default/production/_ext/17022449/plib_sercom1_spi_master.o
 .debug_aranges
                0x000005a8       0xe0 build/default/production/_ext/504274921/plib_sercom5_usart.o
 .debug_aranges
                0x00000688       0xe0 build/default/production/_ext/504274921/plib_sercom6_usart.o
 .debug_aranges
                0x00000768       0xe0 build/default/production/_ext/504274921/plib_sercom4_usart.o
 .debug_aranges
                0x00000848       0xe0 build/default/production/_ext/504274921/plib_sercom2_usart.o
 .debug_aranges
                0x00000928       0xe0 build/default/production/_ext/504274921/plib_sercom7_usart.o
 .debug_aranges
                0x00000a08       0x70 build/default/production/_ext/829342655/plib_tc7.o
 .debug_aranges
                0x00000a78       0x68 build/default/production/_ext/60184501/plib_wdt.o
 .debug_aranges
                0x00000ae0       0x28 build/default/production/_ext/163028504/xc32_monitor.o
 .debug_aranges
                0x00000b08       0x20 build/default/production/_ext/1171490990/initialization.o
 .debug_aranges
                0x00000b28       0x48 build/default/production/_ext/1171490990/exceptions.o
 .debug_aranges
                0x00000b70       0x28 build/default/production/_ext/1171490990/startup_xc32.o
 .debug_aranges
                0x00000b98       0x20 build/default/production/_ext/1171490990/libc_syscalls.o
 .debug_aranges
                0x00000bb8       0x20 build/default/production/_ext/1171490990/interrupts.o
 .debug_aranges
                0x00000bd8       0x40 build/default/production/_ext/1171490990/freertos_hooks.o
 .debug_aranges
                0x00000c18       0x78 build/default/production/_ext/246609638/port.o
 .debug_aranges
                0x00000c90       0x58 build/default/production/_ext/1665200909/heap_4.o
 .debug_aranges
                0x00000ce8       0xc0 build/default/production/_ext/404212886/timers.o
 .debug_aranges
                0x00000da8       0xe0 build/default/production/_ext/404212886/queue.o
 .debug_aranges
                0x00000e88       0x60 build/default/production/_ext/404212886/event_groups.o
 .debug_aranges
                0x00000ee8       0xd0 build/default/production/_ext/404212886/stream_buffer.o
 .debug_aranges
                0x00000fb8       0x18 build/default/production/_ext/404212886/croutine.o
 .debug_aranges
                0x00000fd0       0x40 build/default/production/_ext/404212886/list.o
 .debug_aranges
                0x00001010      0x1d0 build/default/production/_ext/404212886/FreeRTOS_tasks.o
 .debug_aranges
                0x000011e0      0x298 build/default/production/_ext/1360937237/main.o
 .debug_aranges
                0x00001478       0x20 build/default/production/_ext/1360937237/pwm_fan.o
 .debug_aranges
                0x00001498       0x98 build/default/production/_ext/1360937237/UUGreenRectifier.o
 .debug_aranges
                0x00001530      0x450 build/default/production/_ext/1360937237/HMI_FOO.o
 .debug_aranges
                0x00001980      0x298 build/default/production/_ext/1360937237/flashdata.o
 .debug_aranges
                0x00001c18       0x28 c:/program files/microchip/xc32/v4.30/bin/bin/../../lib/gcc/pic32c/8.3.1/../../../../pic32c/lib/thumb/v7e-m+fp/hard\libpic32c.a(data_init.o)
 .debug_aranges
                0x00001c40       0x28 c:/program files/microchip/xc32/v4.30/bin/bin/../../lib/gcc/pic32c/8.3.1/../../../../pic32c/lib/thumb/v7e-m+fp/hard\libc-musl.a(__libc_start_main.o)
 .debug_aranges
                0x00001c68       0x18 c:/program files/microchip/xc32/v4.30/bin/bin/../../lib/gcc/pic32c/8.3.1/../../../../pic32c/lib/thumb/v7e-m+fp/hard\libc-musl.a(libc.o)
 .debug_aranges
                0x00001c80       0x28 c:/program files/microchip/xc32/v4.30/bin/bin/../../lib/gcc/pic32c/8.3.1/../../../../pic32c/lib/thumb/v7e-m+fp/hard\libc-musl.a(__sio_sprintf_deEfFgGn.o)
 .debug_aranges
                0x00001ca8       0x20 c:/program files/microchip/xc32/v4.30/bin/bin/../../lib/gcc/pic32c/8.3.1/../../../../pic32c/lib/thumb/v7e-m+fp/hard\libc-musl.a(__fmt_d.o)
 .debug_aranges
                0x00001cc8       0x20 c:/program files/microchip/xc32/v4.30/bin/bin/../../lib/gcc/pic32c/8.3.1/../../../../pic32c/lib/thumb/v7e-m+fp/hard\libc-musl.a(__fmt_fp.o)
 .debug_aranges
                0x00001ce8       0x20 c:/program files/microchip/xc32/v4.30/bin/bin/../../lib/gcc/pic32c/8.3.1/../../../../pic32c/lib/thumb/v7e-m+fp/hard\libc-musl.a(__pop_float.o)
 .debug_aranges
                0x00001d08       0x20 c:/program files/microchip/xc32/v4.30/bin/bin/../../lib/gcc/pic32c/8.3.1/../../../../pic32c/lib/thumb/v7e-m+fp/hard\libc-musl.a(__pop_int.o)
 .debug_aranges
                0x00001d28       0x20 c:/program files/microchip/xc32/v4.30/bin/bin/../../lib/gcc/pic32c/8.3.1/../../../../pic32c/lib/thumb/v7e-m+fp/hard\libc-musl.a(__pop_ptr.o)
 .debug_aranges
                0x00001d48       0x50 c:/program files/microchip/xc32/v4.30/bin/bin/../../lib/gcc/pic32c/8.3.1/../../../../pic32c/lib/thumb/v7e-m+fp/hard\libc-musl.a(__printf_core.o)
 .debug_aranges
                0x00001d98       0x20 c:/program files/microchip/xc32/v4.30/bin/bin/../../lib/gcc/pic32c/8.3.1/../../../../pic32c/lib/thumb/v7e-m+fp/hard\libc-musl.a(atoi.o)
 .debug_aranges
                0x00001db8       0x20 c:/program files/microchip/xc32/v4.30/bin/bin/../../lib/gcc/pic32c/8.3.1/../../../../pic32c/lib/thumb/v7e-m+fp/hard\libc-musl.a(memcpy.o)
 .debug_aranges
                0x00001dd8       0x20 c:/program files/microchip/xc32/v4.30/bin/bin/../../lib/gcc/pic32c/8.3.1/../../../../pic32c/lib/thumb/v7e-m+fp/hard\libc-musl.a(memset.o)
 .debug_aranges
                0x00001df8       0x20 c:/program files/microchip/xc32/v4.30/bin/bin/../../lib/gcc/pic32c/8.3.1/../../../../pic32c/lib/thumb/v7e-m+fp/hard\libc-musl.a(strlen.o)
 .debug_aranges
                0x00001e18       0x20 c:/program files/microchip/xc32/v4.30/bin/bin/../../lib/gcc/pic32c/8.3.1/../../../../pic32c/lib/thumb/v7e-m+fp/hard\libc-musl.a(strcpy.o)
 .debug_aranges
                0x00001e38       0x28 c:/program files/microchip/xc32/v4.30/bin/bin/../../lib/gcc/pic32c/8.3.1/../../../../pic32c/lib/thumb/v7e-m+fp/hard\libc-musl.a(tolower.o)
 .debug_aranges
                0x00001e60       0x18 c:/program files/microchip/xc32/v4.30/bin/bin/../../lib/gcc/pic32c/8.3.1/../../../../pic32c/lib/thumb/v7e-m+fp/hard\libc-musl.a(__environ.o)
 .debug_aranges
                0x00001e78       0x18 c:/program files/microchip/xc32/v4.30/bin/bin/../../lib/gcc/pic32c/8.3.1/../../../../pic32c/lib/thumb/v7e-m+fp/hard\libc-musl.a(__errno_location.o)
 .debug_aranges
                0x00001e90       0x20 c:/program files/microchip/xc32/v4.30/bin/bin/../../lib/gcc/pic32c/8.3.1/../../../../pic32c/lib/thumb/v7e-m+fp/hard\libc-musl.a(__int_vsprintf.o)
 .debug_aranges
                0x00001eb0       0x20 c:/program files/microchip/xc32/v4.30/bin/bin/../../lib/gcc/pic32c/8.3.1/../../../../pic32c/lib/thumb/v7e-m+fp/hard\libc-musl.a(__cvt_u.o)
 .debug_aranges
                0x00001ed0       0x20 c:/program files/microchip/xc32/v4.30/bin/bin/../../lib/gcc/pic32c/8.3.1/../../../../pic32c/lib/thumb/v7e-m+fp/hard\libc-musl.a(stpcpy.o)
 .debug_aranges
                0x00001ef0       0x20 c:/program files/microchip/xc32/v4.30/bin/bin/../../lib/gcc/pic32c/8.3.1/../../../../pic32c/lib/thumb/v7e-m+fp/hard\libc-musl.a(__int_vsnprintf.o)
 .debug_aranges
                0x00001f10       0x20 c:/program files/microchip/xc32/v4.30/bin/bin/../../lib/gcc/pic32c/8.3.1/../../../../pic32c/lib/thumb/v7e-m+fp/hard\libc-musl.a(__int_vfprintf.o)
 .debug_aranges
                0x00001f30       0x20 c:/program files/microchip/xc32/v4.30/bin/bin/../../lib/gcc/pic32c/8.3.1/thumb/v7e-m+fp/hard\libgcc.a(_aeabi_uldivmod.o)
 .debug_aranges
                0x00001f50       0x20 c:/program files/microchip/xc32/v4.30/bin/bin/../../lib/gcc/pic32c/8.3.1/thumb/v7e-m+fp/hard\libgcc.a(_udivmoddi4.o)
 .debug_aranges
                0x00001f70       0x20 c:/program files/microchip/xc32/v4.30/bin/bin/../../lib/gcc/pic32c/8.3.1/thumb/v7e-m+fp/hard\libgcc.a(_dvmd_tls.o)
 .debug_aranges
                0x00001f90       0x20 c:/program files/microchip/xc32/v4.30/bin/bin/../../lib/gcc/pic32c/8.3.1/../../../../pic32c/lib/thumb/v7e-m+fp/hard\libpic32c.a(pic32_data_init_clear.o)
 .debug_aranges
                0x00001fb0       0x20 c:/program files/microchip/xc32/v4.30/bin/bin/../../lib/gcc/pic32c/8.3.1/../../../../pic32c/lib/thumb/v7e-m+fp/hard\libpic32c.a(pic32_data_init_copy.o)

.debug_ranges   0x00000000     0x2288
 .debug_ranges  0x00000000       0x70 build/default/production/_ext/60163342/plib_adc0.o
 .debug_ranges  0x00000070       0x70 build/default/production/_ext/60163342/plib_adc1.o
 .debug_ranges  0x000000e0       0x98 build/default/production/_ext/60165182/plib_can1.o
 .debug_ranges  0x00000178       0x98 build/default/production/_ext/60165182/plib_can0.o
 .debug_ranges  0x00000210       0x10 build/default/production/_ext/1984496892/plib_clock.o
 .debug_ranges  0x00000220       0x38 build/default/production/_ext/1865131932/plib_cmcc.o
 .debug_ranges  0x00000258       0x78 build/default/production/_ext/60167341/plib_eic.o
 .debug_ranges  0x000002d0       0x10 build/default/production/_ext/1986646378/plib_evsys.o
 .debug_ranges  0x000002e0       0x38 build/default/production/_ext/1865468468/plib_nvic.o
 .debug_ranges  0x00000318       0xc8 build/default/production/_ext/1593096446/plib_nvmctrl.o
 .debug_ranges  0x000003e0       0x60 build/default/production/_ext/1865521619/plib_port.o
 .debug_ranges  0x00000440      0x110 build/default/production/_ext/508257091/plib_sercom3_i2c_master.o
 .debug_ranges  0x00000550       0x38 build/default/production/_ext/17022449/plib_sercom1_spi_master.o
 .debug_ranges  0x00000588      0x120 build/default/production/_ext/504274921/plib_sercom5_usart.o
 .debug_ranges  0x000006a8      0x120 build/default/production/_ext/504274921/plib_sercom6_usart.o
 .debug_ranges  0x000007c8      0x120 build/default/production/_ext/504274921/plib_sercom4_usart.o
 .debug_ranges  0x000008e8      0x120 build/default/production/_ext/504274921/plib_sercom2_usart.o
 .debug_ranges  0x00000a08      0x120 build/default/production/_ext/504274921/plib_sercom7_usart.o
 .debug_ranges  0x00000b28       0x60 build/default/production/_ext/829342655/plib_tc7.o
 .debug_ranges  0x00000b88       0x58 build/default/production/_ext/60184501/plib_wdt.o
 .debug_ranges  0x00000be0       0x18 build/default/production/_ext/163028504/xc32_monitor.o
 .debug_ranges  0x00000bf8       0x10 build/default/production/_ext/1171490990/initialization.o
 .debug_ranges  0x00000c08       0x38 build/default/production/_ext/1171490990/exceptions.o
 .debug_ranges  0x00000c40       0x18 build/default/production/_ext/1171490990/startup_xc32.o
 .debug_ranges  0x00000c58       0x10 build/default/production/_ext/1171490990/libc_syscalls.o
 .debug_ranges  0x00000c68       0x10 build/default/production/_ext/1171490990/interrupts.o
 .debug_ranges  0x00000c78       0x30 build/default/production/_ext/1171490990/freertos_hooks.o
 .debug_ranges  0x00000ca8       0x68 build/default/production/_ext/246609638/port.o
 .debug_ranges  0x00000d10       0x78 build/default/production/_ext/1665200909/heap_4.o
 .debug_ranges  0x00000d88       0xe8 build/default/production/_ext/404212886/timers.o
 .debug_ranges  0x00000e70      0x190 build/default/production/_ext/404212886/queue.o
 .debug_ranges  0x00001000       0x98 build/default/production/_ext/404212886/event_groups.o
 .debug_ranges  0x00001098       0xe0 build/default/production/_ext/404212886/stream_buffer.o
 .debug_ranges  0x00001178       0x30 build/default/production/_ext/404212886/list.o
 .debug_ranges  0x000011a8      0x368 build/default/production/_ext/404212886/FreeRTOS_tasks.o
 .debug_ranges  0x00001510      0x378 build/default/production/_ext/1360937237/main.o
 .debug_ranges  0x00001888       0x10 build/default/production/_ext/1360937237/pwm_fan.o
 .debug_ranges  0x00001898       0x88 build/default/production/_ext/1360937237/UUGreenRectifier.o
 .debug_ranges  0x00001920      0x440 build/default/production/_ext/1360937237/HMI_FOO.o
 .debug_ranges  0x00001d60      0x288 build/default/production/_ext/1360937237/flashdata.o
 .debug_ranges  0x00001fe8       0x18 c:/program files/microchip/xc32/v4.30/bin/bin/../../lib/gcc/pic32c/8.3.1/../../../../pic32c/lib/thumb/v7e-m+fp/hard\libpic32c.a(data_init.o)
 .debug_ranges  0x00002000       0x40 c:/program files/microchip/xc32/v4.30/bin/bin/../../lib/gcc/pic32c/8.3.1/../../../../pic32c/lib/thumb/v7e-m+fp/hard\libc-musl.a(__libc_start_main.o)
 .debug_ranges  0x00002040       0x18 c:/program files/microchip/xc32/v4.30/bin/bin/../../lib/gcc/pic32c/8.3.1/../../../../pic32c/lib/thumb/v7e-m+fp/hard\libc-musl.a(__sio_sprintf_deEfFgGn.o)
 .debug_ranges  0x00002058       0x10 c:/program files/microchip/xc32/v4.30/bin/bin/../../lib/gcc/pic32c/8.3.1/../../../../pic32c/lib/thumb/v7e-m+fp/hard\libc-musl.a(__fmt_d.o)
 .debug_ranges  0x00002068       0x10 c:/program files/microchip/xc32/v4.30/bin/bin/../../lib/gcc/pic32c/8.3.1/../../../../pic32c/lib/thumb/v7e-m+fp/hard\libc-musl.a(__fmt_fp.o)
 .debug_ranges  0x00002078       0x10 c:/program files/microchip/xc32/v4.30/bin/bin/../../lib/gcc/pic32c/8.3.1/../../../../pic32c/lib/thumb/v7e-m+fp/hard\libc-musl.a(__pop_float.o)
 .debug_ranges  0x00002088       0x10 c:/program files/microchip/xc32/v4.30/bin/bin/../../lib/gcc/pic32c/8.3.1/../../../../pic32c/lib/thumb/v7e-m+fp/hard\libc-musl.a(__pop_int.o)
 .debug_ranges  0x00002098       0x10 c:/program files/microchip/xc32/v4.30/bin/bin/../../lib/gcc/pic32c/8.3.1/../../../../pic32c/lib/thumb/v7e-m+fp/hard\libc-musl.a(__pop_ptr.o)
 .debug_ranges  0x000020a8       0x58 c:/program files/microchip/xc32/v4.30/bin/bin/../../lib/gcc/pic32c/8.3.1/../../../../pic32c/lib/thumb/v7e-m+fp/hard\libc-musl.a(__printf_core.o)
 .debug_ranges  0x00002100       0x10 c:/program files/microchip/xc32/v4.30/bin/bin/../../lib/gcc/pic32c/8.3.1/../../../../pic32c/lib/thumb/v7e-m+fp/hard\libc-musl.a(atoi.o)
 .debug_ranges  0x00002110       0x10 c:/program files/microchip/xc32/v4.30/bin/bin/../../lib/gcc/pic32c/8.3.1/../../../../pic32c/lib/thumb/v7e-m+fp/hard\libc-musl.a(memcpy.o)
 .debug_ranges  0x00002120       0x10 c:/program files/microchip/xc32/v4.30/bin/bin/../../lib/gcc/pic32c/8.3.1/../../../../pic32c/lib/thumb/v7e-m+fp/hard\libc-musl.a(memset.o)
 .debug_ranges  0x00002130       0x10 c:/program files/microchip/xc32/v4.30/bin/bin/../../lib/gcc/pic32c/8.3.1/../../../../pic32c/lib/thumb/v7e-m+fp/hard\libc-musl.a(strlen.o)
 .debug_ranges  0x00002140       0x10 c:/program files/microchip/xc32/v4.30/bin/bin/../../lib/gcc/pic32c/8.3.1/../../../../pic32c/lib/thumb/v7e-m+fp/hard\libc-musl.a(strcpy.o)
 .debug_ranges  0x00002150       0x18 c:/program files/microchip/xc32/v4.30/bin/bin/../../lib/gcc/pic32c/8.3.1/../../../../pic32c/lib/thumb/v7e-m+fp/hard\libc-musl.a(tolower.o)
 .debug_ranges  0x00002168       0x10 c:/program files/microchip/xc32/v4.30/bin/bin/../../lib/gcc/pic32c/8.3.1/../../../../pic32c/lib/thumb/v7e-m+fp/hard\libc-musl.a(__int_vsprintf.o)
 .debug_ranges  0x00002178       0x10 c:/program files/microchip/xc32/v4.30/bin/bin/../../lib/gcc/pic32c/8.3.1/../../../../pic32c/lib/thumb/v7e-m+fp/hard\libc-musl.a(__cvt_u.o)
 .debug_ranges  0x00002188       0x10 c:/program files/microchip/xc32/v4.30/bin/bin/../../lib/gcc/pic32c/8.3.1/../../../../pic32c/lib/thumb/v7e-m+fp/hard\libc-musl.a(stpcpy.o)
 .debug_ranges  0x00002198       0x10 c:/program files/microchip/xc32/v4.30/bin/bin/../../lib/gcc/pic32c/8.3.1/../../../../pic32c/lib/thumb/v7e-m+fp/hard\libc-musl.a(__int_vsnprintf.o)
 .debug_ranges  0x000021a8       0x10 c:/program files/microchip/xc32/v4.30/bin/bin/../../lib/gcc/pic32c/8.3.1/../../../../pic32c/lib/thumb/v7e-m+fp/hard\libc-musl.a(__int_vfprintf.o)
 .debug_ranges  0x000021b8       0xb0 c:/program files/microchip/xc32/v4.30/bin/bin/../../lib/gcc/pic32c/8.3.1/thumb/v7e-m+fp/hard\libgcc.a(_udivmoddi4.o)
 .debug_ranges  0x00002268       0x10 c:/program files/microchip/xc32/v4.30/bin/bin/../../lib/gcc/pic32c/8.3.1/../../../../pic32c/lib/thumb/v7e-m+fp/hard\libpic32c.a(pic32_data_init_clear.o)
 .debug_ranges  0x00002278       0x10 c:/program files/microchip/xc32/v4.30/bin/bin/../../lib/gcc/pic32c/8.3.1/../../../../pic32c/lib/thumb/v7e-m+fp/hard\libpic32c.a(pic32_data_init_copy.o)

.debug_line     0x00000000    0x457d6
 .debug_line    0x00000000      0x34e build/default/production/_ext/60163342/plib_adc0.o
 .debug_line    0x0000034e      0x34e build/default/production/_ext/60163342/plib_adc1.o
 .debug_line    0x0000069c      0x928 build/default/production/_ext/60165182/plib_can1.o
 .debug_line    0x00000fc4      0x928 build/default/production/_ext/60165182/plib_can0.o
 .debug_line    0x000018ec      0x3ad build/default/production/_ext/1984496892/plib_clock.o
 .debug_line    0x00001c99      0x207 build/default/production/_ext/1865131932/plib_cmcc.o
 .debug_line    0x00001ea0      0x47f build/default/production/_ext/60167341/plib_eic.o
 .debug_line    0x0000231f       0x66 build/default/production/_ext/1986646378/plib_evsys.o
 .debug_line    0x00002385      0xc0e build/default/production/_ext/1865468468/plib_nvic.o
 .debug_line    0x00002f93      0x5c2 build/default/production/_ext/1593096446/plib_nvmctrl.o
 .debug_line    0x00003555      0x4f1 build/default/production/_ext/1865521619/plib_port.o
 .debug_line    0x00003a46      0x812 build/default/production/_ext/508257091/plib_sercom3_i2c_master.o
 .debug_line    0x00004258      0x4a8 build/default/production/_ext/17022449/plib_sercom1_spi_master.o
 .debug_line    0x00004700      0x9b0 build/default/production/_ext/504274921/plib_sercom5_usart.o
 .debug_line    0x000050b0      0x9b0 build/default/production/_ext/504274921/plib_sercom6_usart.o
 .debug_line    0x00005a60      0x9b0 build/default/production/_ext/504274921/plib_sercom4_usart.o
 .debug_line    0x00006410      0x9b0 build/default/production/_ext/504274921/plib_sercom2_usart.o
 .debug_line    0x00006dc0      0x9b0 build/default/production/_ext/504274921/plib_sercom7_usart.o
 .debug_line    0x00007770      0x306 build/default/production/_ext/829342655/plib_tc7.o
 .debug_line    0x00007a76      0x2bf build/default/production/_ext/60184501/plib_wdt.o
 .debug_line    0x00007d35       0xca build/default/production/_ext/163028504/xc32_monitor.o
 .debug_line    0x00007dff      0x3ba build/default/production/_ext/1171490990/initialization.o
 .debug_line    0x000081b9       0xc6 build/default/production/_ext/1171490990/exceptions.o
 .debug_line    0x0000827f      0x246 build/default/production/_ext/1171490990/startup_xc32.o
 .debug_line    0x000084c5       0x5b build/default/production/_ext/1171490990/libc_syscalls.o
 .debug_line    0x00008520       0xba build/default/production/_ext/1171490990/interrupts.o
 .debug_line    0x000085da      0x1db build/default/production/_ext/1171490990/freertos_hooks.o
 .debug_line    0x000087b5      0x37f build/default/production/_ext/246609638/port.o
 .debug_line    0x00008b34      0x652 build/default/production/_ext/1665200909/heap_4.o
 .debug_line    0x00009186      0x8a3 build/default/production/_ext/404212886/timers.o
 .debug_line    0x00009a29      0xfff build/default/production/_ext/404212886/queue.o
 .debug_line    0x0000aa28      0x61e build/default/production/_ext/404212886/event_groups.o
 .debug_line    0x0000b046      0xc7f build/default/production/_ext/404212886/stream_buffer.o
 .debug_line    0x0000bcc5       0x1d build/default/production/_ext/404212886/croutine.o
 .debug_line    0x0000bce2      0x303 build/default/production/_ext/404212886/list.o
 .debug_line    0x0000bfe5     0x1f04 build/default/production/_ext/404212886/FreeRTOS_tasks.o
 .debug_line    0x0000dee9     0x99aa build/default/production/_ext/1360937237/main.o
 .debug_line    0x00017893      0x152 build/default/production/_ext/1360937237/pwm_fan.o
 .debug_line    0x000179e5      0x791 build/default/production/_ext/1360937237/UUGreenRectifier.o
 .debug_line    0x00018176     0x26ae build/default/production/_ext/1360937237/HMI_FOO.o
 .debug_line    0x0001a824    0x280aa build/default/production/_ext/1360937237/flashdata.o
 .debug_line    0x000428ce       0xe9 c:/program files/microchip/xc32/v4.30/bin/bin/../../lib/gcc/pic32c/8.3.1/../../../../pic32c/lib/thumb/v7e-m+fp/hard\libpic32c.a(data_init.o)
 .debug_line    0x000429b7      0x1d5 c:/program files/microchip/xc32/v4.30/bin/bin/../../lib/gcc/pic32c/8.3.1/../../../../pic32c/lib/thumb/v7e-m+fp/hard\libc-musl.a(__libc_start_main.o)
 .debug_line    0x00042b8c       0xbc c:/program files/microchip/xc32/v4.30/bin/bin/../../lib/gcc/pic32c/8.3.1/../../../../pic32c/lib/thumb/v7e-m+fp/hard\libc-musl.a(libc.o)
 .debug_line    0x00042c48      0x1b1 c:/program files/microchip/xc32/v4.30/bin/bin/../../lib/gcc/pic32c/8.3.1/../../../../pic32c/lib/thumb/v7e-m+fp/hard\libc-musl.a(__sio_sprintf_deEfFgGn.o)
 .debug_line    0x00042df9      0x20d c:/program files/microchip/xc32/v4.30/bin/bin/../../lib/gcc/pic32c/8.3.1/../../../../pic32c/lib/thumb/v7e-m+fp/hard\libc-musl.a(__fmt_d.o)
 .debug_line    0x00043006      0x680 c:/program files/microchip/xc32/v4.30/bin/bin/../../lib/gcc/pic32c/8.3.1/../../../../pic32c/lib/thumb/v7e-m+fp/hard\libc-musl.a(__fmt_fp.o)
 .debug_line    0x00043686      0x173 c:/program files/microchip/xc32/v4.30/bin/bin/../../lib/gcc/pic32c/8.3.1/../../../../pic32c/lib/thumb/v7e-m+fp/hard\libc-musl.a(__pop_float.o)
 .debug_line    0x000437f9      0x20e c:/program files/microchip/xc32/v4.30/bin/bin/../../lib/gcc/pic32c/8.3.1/../../../../pic32c/lib/thumb/v7e-m+fp/hard\libc-musl.a(__pop_int.o)
 .debug_line    0x00043a07      0x1ee c:/program files/microchip/xc32/v4.30/bin/bin/../../lib/gcc/pic32c/8.3.1/../../../../pic32c/lib/thumb/v7e-m+fp/hard\libc-musl.a(__pop_ptr.o)
 .debug_line    0x00043bf5      0x6a3 c:/program files/microchip/xc32/v4.30/bin/bin/../../lib/gcc/pic32c/8.3.1/../../../../pic32c/lib/thumb/v7e-m+fp/hard\libc-musl.a(__printf_core.o)
 .debug_line    0x00044298      0x175 c:/program files/microchip/xc32/v4.30/bin/bin/../../lib/gcc/pic32c/8.3.1/../../../../pic32c/lib/thumb/v7e-m+fp/hard\libc-musl.a(atoi.o)
 .debug_line    0x0004440d       0xf2 c:/program files/microchip/xc32/v4.30/bin/bin/../../lib/gcc/pic32c/8.3.1/../../../../pic32c/lib/thumb/v7e-m+fp/hard\libc-musl.a(memcpy.o)
 .debug_line    0x000444ff       0xe9 c:/program files/microchip/xc32/v4.30/bin/bin/../../lib/gcc/pic32c/8.3.1/../../../../pic32c/lib/thumb/v7e-m+fp/hard\libc-musl.a(memset.o)
 .debug_line    0x000445e8       0xe5 c:/program files/microchip/xc32/v4.30/bin/bin/../../lib/gcc/pic32c/8.3.1/../../../../pic32c/lib/thumb/v7e-m+fp/hard\libc-musl.a(strlen.o)
 .debug_line    0x000446cd       0xb4 c:/program files/microchip/xc32/v4.30/bin/bin/../../lib/gcc/pic32c/8.3.1/../../../../pic32c/lib/thumb/v7e-m+fp/hard\libc-musl.a(strcpy.o)
 .debug_line    0x00044781      0x165 c:/program files/microchip/xc32/v4.30/bin/bin/../../lib/gcc/pic32c/8.3.1/../../../../pic32c/lib/thumb/v7e-m+fp/hard\libc-musl.a(tolower.o)
 .debug_line    0x000448e6      0x109 c:/program files/microchip/xc32/v4.30/bin/bin/../../lib/gcc/pic32c/8.3.1/../../../../pic32c/lib/thumb/v7e-m+fp/hard\libc-musl.a(__environ.o)
 .debug_line    0x000449ef       0xa1 c:/program files/microchip/xc32/v4.30/bin/bin/../../lib/gcc/pic32c/8.3.1/../../../../pic32c/lib/thumb/v7e-m+fp/hard\libc-musl.a(__errno_location.o)
 .debug_line    0x00044a90      0x15b c:/program files/microchip/xc32/v4.30/bin/bin/../../lib/gcc/pic32c/8.3.1/../../../../pic32c/lib/thumb/v7e-m+fp/hard\libc-musl.a(__int_vsprintf.o)
 .debug_line    0x00044beb      0x1d9 c:/program files/microchip/xc32/v4.30/bin/bin/../../lib/gcc/pic32c/8.3.1/../../../../pic32c/lib/thumb/v7e-m+fp/hard\libc-musl.a(__cvt_u.o)
 .debug_line    0x00044dc4       0xc8 c:/program files/microchip/xc32/v4.30/bin/bin/../../lib/gcc/pic32c/8.3.1/../../../../pic32c/lib/thumb/v7e-m+fp/hard\libc-musl.a(stpcpy.o)
 .debug_line    0x00044e8c      0x1c9 c:/program files/microchip/xc32/v4.30/bin/bin/../../lib/gcc/pic32c/8.3.1/../../../../pic32c/lib/thumb/v7e-m+fp/hard\libc-musl.a(__int_vsnprintf.o)
 .debug_line    0x00045055      0x176 c:/program files/microchip/xc32/v4.30/bin/bin/../../lib/gcc/pic32c/8.3.1/../../../../pic32c/lib/thumb/v7e-m+fp/hard\libc-musl.a(__int_vfprintf.o)
 .debug_line    0x000451cb       0x98 c:/program files/microchip/xc32/v4.30/bin/bin/../../lib/gcc/pic32c/8.3.1/thumb/v7e-m+fp/hard\libgcc.a(_aeabi_uldivmod.o)
 .debug_line    0x00045263      0x367 c:/program files/microchip/xc32/v4.30/bin/bin/../../lib/gcc/pic32c/8.3.1/thumb/v7e-m+fp/hard\libgcc.a(_udivmoddi4.o)
 .debug_line    0x000455ca       0x98 c:/program files/microchip/xc32/v4.30/bin/bin/../../lib/gcc/pic32c/8.3.1/thumb/v7e-m+fp/hard\libgcc.a(_dvmd_tls.o)
 .debug_line    0x00045662       0xb6 c:/program files/microchip/xc32/v4.30/bin/bin/../../lib/gcc/pic32c/8.3.1/../../../../pic32c/lib/thumb/v7e-m+fp/hard\libpic32c.a(pic32_data_init_clear.o)
 .debug_line    0x00045718       0xbe c:/program files/microchip/xc32/v4.30/bin/bin/../../lib/gcc/pic32c/8.3.1/../../../../pic32c/lib/thumb/v7e-m+fp/hard\libpic32c.a(pic32_data_init_copy.o)

.debug_str      0x00000000     0x45ab
 .debug_str     0x00000000       0x19 build/default/production/_ext/60163342/plib_adc0.o
 .debug_str     0x00000019       0x19 build/default/production/_ext/60163342/plib_adc1.o
 .debug_str     0x00000032       0x8c build/default/production/_ext/60165182/plib_can1.o
 .debug_str     0x000000be       0x8c build/default/production/_ext/60165182/plib_can0.o
 .debug_str     0x0000014a       0x1e build/default/production/_ext/1984496892/plib_clock.o
 .debug_str     0x00000168        0x0 build/default/production/_ext/1865131932/plib_cmcc.o
 .debug_str     0x00000168       0x11 build/default/production/_ext/60167341/plib_eic.o
 .debug_str     0x00000179        0x0 build/default/production/_ext/1986646378/plib_evsys.o
 .debug_str     0x00000179       0x1a build/default/production/_ext/1865468468/plib_nvic.o
 .debug_str     0x00000193       0x20 build/default/production/_ext/1593096446/plib_nvmctrl.o
 .debug_str     0x000001b3        0xb build/default/production/_ext/1865521619/plib_port.o
 .debug_str     0x000001be      0x18a build/default/production/_ext/508257091/plib_sercom3_i2c_master.o
 .debug_str     0x00000348      0x13b build/default/production/_ext/17022449/plib_sercom1_spi_master.o
 .debug_str     0x00000483      0x160 build/default/production/_ext/504274921/plib_sercom5_usart.o
 .debug_str     0x000005e3      0x160 build/default/production/_ext/504274921/plib_sercom6_usart.o
 .debug_str     0x00000743      0x160 build/default/production/_ext/504274921/plib_sercom4_usart.o
 .debug_str     0x000008a3      0x160 build/default/production/_ext/504274921/plib_sercom2_usart.o
 .debug_str     0x00000a03      0x160 build/default/production/_ext/504274921/plib_sercom7_usart.o
 .debug_str     0x00000b63       0xbf build/default/production/_ext/829342655/plib_tc7.o
 .debug_str     0x00000c22        0x0 build/default/production/_ext/60184501/plib_wdt.o
 .debug_str     0x00000c22        0x0 build/default/production/_ext/163028504/xc32_monitor.o
 .debug_str     0x00000c22      0x165 build/default/production/_ext/1171490990/initialization.o
 .debug_str     0x00000d87        0x0 build/default/production/_ext/1171490990/exceptions.o
 .debug_str     0x00000d87       0x2f build/default/production/_ext/1171490990/startup_xc32.o
 .debug_str     0x00000db6        0x0 build/default/production/_ext/1171490990/libc_syscalls.o
 .debug_str     0x00000db6        0x0 build/default/production/_ext/1171490990/interrupts.o
 .debug_str     0x00000db6       0x25 build/default/production/_ext/1171490990/freertos_hooks.o
 .debug_str     0x00000ddb       0x26 build/default/production/_ext/246609638/port.o
 .debug_str     0x00000e01       0xb8 build/default/production/_ext/1665200909/heap_4.o
 .debug_str     0x00000eb9      0x243 build/default/production/_ext/404212886/timers.o
 .debug_str     0x000010fc      0x2c6 build/default/production/_ext/404212886/queue.o
 .debug_str     0x000013c2      0x1ac build/default/production/_ext/404212886/event_groups.o
 .debug_str     0x0000156e      0x29c build/default/production/_ext/404212886/stream_buffer.o
 .debug_str     0x0000180a        0x0 build/default/production/_ext/404212886/croutine.o
 .debug_str     0x0000180a       0x2b build/default/production/_ext/404212886/list.o
 .debug_str     0x00001835      0x334 build/default/production/_ext/404212886/FreeRTOS_tasks.o
 .debug_str     0x00001b69     0x259f build/default/production/_ext/1360937237/main.o
 .debug_str     0x00004108       0xd3 build/default/production/_ext/1360937237/pwm_fan.o
 .debug_str     0x000041db       0x50 build/default/production/_ext/1360937237/UUGreenRectifier.o
 .debug_str     0x0000422b       0xb2 build/default/production/_ext/1360937237/HMI_FOO.o
 .debug_str     0x000042dd       0x4c build/default/production/_ext/1360937237/flashdata.o
 .debug_str     0x00004329        0x0 c:/program files/microchip/xc32/v4.30/bin/bin/../../lib/gcc/pic32c/8.3.1/../../../../pic32c/lib/thumb/v7e-m+fp/hard\libpic32c.a(data_init.o)
 .debug_str     0x00004329        0x0 c:/program files/microchip/xc32/v4.30/bin/bin/../../lib/gcc/pic32c/8.3.1/../../../../pic32c/lib/thumb/v7e-m+fp/hard\libc-musl.a(__libc_start_main.o)
 .debug_str     0x00004329        0x0 c:/program files/microchip/xc32/v4.30/bin/bin/../../lib/gcc/pic32c/8.3.1/../../../../pic32c/lib/thumb/v7e-m+fp/hard\libc-musl.a(libc.o)
 .debug_str     0x00004329       0x5e c:/program files/microchip/xc32/v4.30/bin/bin/../../lib/gcc/pic32c/8.3.1/../../../../pic32c/lib/thumb/v7e-m+fp/hard\libc-musl.a(__sio_sprintf_deEfFgGn.o)
 .debug_str     0x00004387        0x0 c:/program files/microchip/xc32/v4.30/bin/bin/../../lib/gcc/pic32c/8.3.1/../../../../pic32c/lib/thumb/v7e-m+fp/hard\libc-musl.a(__fmt_d.o)
 .debug_str     0x00004387        0x0 c:/program files/microchip/xc32/v4.30/bin/bin/../../lib/gcc/pic32c/8.3.1/../../../../pic32c/lib/thumb/v7e-m+fp/hard\libc-musl.a(__fmt_fp.o)
 .debug_str     0x00004387        0x0 c:/program files/microchip/xc32/v4.30/bin/bin/../../lib/gcc/pic32c/8.3.1/../../../../pic32c/lib/thumb/v7e-m+fp/hard\libc-musl.a(__pop_float.o)
 .debug_str     0x00004387        0x0 c:/program files/microchip/xc32/v4.30/bin/bin/../../lib/gcc/pic32c/8.3.1/../../../../pic32c/lib/thumb/v7e-m+fp/hard\libc-musl.a(__pop_int.o)
 .debug_str     0x00004387        0x0 c:/program files/microchip/xc32/v4.30/bin/bin/../../lib/gcc/pic32c/8.3.1/../../../../pic32c/lib/thumb/v7e-m+fp/hard\libc-musl.a(__pop_ptr.o)
 .debug_str     0x00004387       0x20 c:/program files/microchip/xc32/v4.30/bin/bin/../../lib/gcc/pic32c/8.3.1/../../../../pic32c/lib/thumb/v7e-m+fp/hard\libc-musl.a(__printf_core.o)
 .debug_str     0x000043a7        0x0 c:/program files/microchip/xc32/v4.30/bin/bin/../../lib/gcc/pic32c/8.3.1/../../../../pic32c/lib/thumb/v7e-m+fp/hard\libc-musl.a(atoi.o)
 .debug_str     0x000043a7        0x0 c:/program files/microchip/xc32/v4.30/bin/bin/../../lib/gcc/pic32c/8.3.1/../../../../pic32c/lib/thumb/v7e-m+fp/hard\libc-musl.a(memcpy.o)
 .debug_str     0x000043a7        0x0 c:/program files/microchip/xc32/v4.30/bin/bin/../../lib/gcc/pic32c/8.3.1/../../../../pic32c/lib/thumb/v7e-m+fp/hard\libc-musl.a(memset.o)
 .debug_str     0x000043a7        0x0 c:/program files/microchip/xc32/v4.30/bin/bin/../../lib/gcc/pic32c/8.3.1/../../../../pic32c/lib/thumb/v7e-m+fp/hard\libc-musl.a(strlen.o)
 .debug_str     0x000043a7        0x9 c:/program files/microchip/xc32/v4.30/bin/bin/../../lib/gcc/pic32c/8.3.1/../../../../pic32c/lib/thumb/v7e-m+fp/hard\libc-musl.a(strcpy.o)
 .debug_str     0x000043b0        0x0 c:/program files/microchip/xc32/v4.30/bin/bin/../../lib/gcc/pic32c/8.3.1/../../../../pic32c/lib/thumb/v7e-m+fp/hard\libc-musl.a(tolower.o)
 .debug_str     0x000043b0        0x0 c:/program files/microchip/xc32/v4.30/bin/bin/../../lib/gcc/pic32c/8.3.1/../../../../pic32c/lib/thumb/v7e-m+fp/hard\libc-musl.a(__environ.o)
 .debug_str     0x000043b0        0x0 c:/program files/microchip/xc32/v4.30/bin/bin/../../lib/gcc/pic32c/8.3.1/../../../../pic32c/lib/thumb/v7e-m+fp/hard\libc-musl.a(__errno_location.o)
 .debug_str     0x000043b0        0xc c:/program files/microchip/xc32/v4.30/bin/bin/../../lib/gcc/pic32c/8.3.1/../../../../pic32c/lib/thumb/v7e-m+fp/hard\libc-musl.a(__int_vsprintf.o)
 .debug_str     0x000043bc        0x0 c:/program files/microchip/xc32/v4.30/bin/bin/../../lib/gcc/pic32c/8.3.1/../../../../pic32c/lib/thumb/v7e-m+fp/hard\libc-musl.a(__cvt_u.o)
 .debug_str     0x000043bc        0x0 c:/program files/microchip/xc32/v4.30/bin/bin/../../lib/gcc/pic32c/8.3.1/../../../../pic32c/lib/thumb/v7e-m+fp/hard\libc-musl.a(stpcpy.o)
 .debug_str     0x000043bc        0xb c:/program files/microchip/xc32/v4.30/bin/bin/../../lib/gcc/pic32c/8.3.1/../../../../pic32c/lib/thumb/v7e-m+fp/hard\libc-musl.a(__int_vsnprintf.o)
 .debug_str     0x000043c7        0xe c:/program files/microchip/xc32/v4.30/bin/bin/../../lib/gcc/pic32c/8.3.1/../../../../pic32c/lib/thumb/v7e-m+fp/hard\libc-musl.a(__int_vfprintf.o)
 .debug_str     0x000043d5       0xe9 c:/program files/microchip/xc32/v4.30/bin/bin/../../lib/gcc/pic32c/8.3.1/thumb/v7e-m+fp/hard\libgcc.a(_aeabi_uldivmod.o)
 .debug_str     0x000044be        0x0 c:/program files/microchip/xc32/v4.30/bin/bin/../../lib/gcc/pic32c/8.3.1/thumb/v7e-m+fp/hard\libgcc.a(_udivmoddi4.o)
 .debug_str     0x000044be       0xed c:/program files/microchip/xc32/v4.30/bin/bin/../../lib/gcc/pic32c/8.3.1/thumb/v7e-m+fp/hard\libgcc.a(_dvmd_tls.o)
 .debug_str     0x000045ab        0x0 c:/program files/microchip/xc32/v4.30/bin/bin/../../lib/gcc/pic32c/8.3.1/../../../../pic32c/lib/thumb/v7e-m+fp/hard\libpic32c.a(pic32_data_init_clear.o)
 .debug_str     0x000045ab        0x0 c:/program files/microchip/xc32/v4.30/bin/bin/../../lib/gcc/pic32c/8.3.1/../../../../pic32c/lib/thumb/v7e-m+fp/hard\libpic32c.a(pic32_data_init_copy.o)

.debug_frame    0x00000000     0x4ea4
 .debug_frame   0x00000000       0xe0 build/default/production/_ext/60163342/plib_adc0.o
 .debug_frame   0x000000e0       0xe0 build/default/production/_ext/60163342/plib_adc1.o
 .debug_frame   0x000001c0      0x1b4 build/default/production/_ext/60165182/plib_can1.o
 .debug_frame   0x00000374      0x1b4 build/default/production/_ext/60165182/plib_can0.o
 .debug_frame   0x00000528       0x20 build/default/production/_ext/1984496892/plib_clock.o
 .debug_frame   0x00000548       0x70 build/default/production/_ext/1865131932/plib_cmcc.o
 .debug_frame   0x000005b8      0x150 build/default/production/_ext/60167341/plib_eic.o
 .debug_frame   0x00000708       0x20 build/default/production/_ext/1986646378/plib_evsys.o
 .debug_frame   0x00000728       0x90 build/default/production/_ext/1865468468/plib_nvic.o
 .debug_frame   0x000007b8      0x1dc build/default/production/_ext/1593096446/plib_nvmctrl.o
 .debug_frame   0x00000994       0xe0 build/default/production/_ext/1865521619/plib_port.o
 .debug_frame   0x00000a74       0xe8 build/default/production/_ext/508257091/plib_sercom3_i2c_master.o
 .debug_frame   0x00000b5c       0xa0 build/default/production/_ext/17022449/plib_sercom1_spi_master.o
 .debug_frame   0x00000bfc      0x1f4 build/default/production/_ext/504274921/plib_sercom5_usart.o
 .debug_frame   0x00000df0      0x1f4 build/default/production/_ext/504274921/plib_sercom6_usart.o
 .debug_frame   0x00000fe4      0x1f4 build/default/production/_ext/504274921/plib_sercom4_usart.o
 .debug_frame   0x000011d8      0x1f4 build/default/production/_ext/504274921/plib_sercom2_usart.o
 .debug_frame   0x000013cc      0x1f4 build/default/production/_ext/504274921/plib_sercom7_usart.o
 .debug_frame   0x000015c0       0xc0 build/default/production/_ext/829342655/plib_tc7.o
 .debug_frame   0x00001680       0xb0 build/default/production/_ext/60184501/plib_wdt.o
 .debug_frame   0x00001730       0x30 build/default/production/_ext/163028504/xc32_monitor.o
 .debug_frame   0x00001760       0x28 build/default/production/_ext/1171490990/initialization.o
 .debug_frame   0x00001788       0x70 build/default/production/_ext/1171490990/exceptions.o
 .debug_frame   0x000017f8       0x38 build/default/production/_ext/1171490990/startup_xc32.o
 .debug_frame   0x00001830       0x20 build/default/production/_ext/1171490990/libc_syscalls.o
 .debug_frame   0x00001850       0x20 build/default/production/_ext/1171490990/interrupts.o
 .debug_frame   0x00001870       0x6c build/default/production/_ext/1171490990/freertos_hooks.o
 .debug_frame   0x000018dc       0xe8 build/default/production/_ext/246609638/port.o
 .debug_frame   0x000019c4       0xcc build/default/production/_ext/1665200909/heap_4.o
 .debug_frame   0x00001a90      0x22c build/default/production/_ext/404212886/timers.o
 .debug_frame   0x00001cbc      0x2d8 build/default/production/_ext/404212886/queue.o
 .debug_frame   0x00001f94      0x100 build/default/production/_ext/404212886/event_groups.o
 .debug_frame   0x00002094      0x2c0 build/default/production/_ext/404212886/stream_buffer.o
 .debug_frame   0x00002354       0x6c build/default/production/_ext/404212886/list.o